Archive member included to satisfy reference by file (symbol)

c:/st/stm32cubeide_1.1.0/stm32cubeide/plugins/com.st.stm32cube.ide.mcu.externaltools.gnu-tools-for-stm32.7-2018-q2-update.win32_1.0.0.201904181610/tools/bin/../lib/gcc/arm-none-eabi/7.3.1/../../../../arm-none-eabi/lib/thumb/v7e-m/fpv4-sp/hard\libc_nano.a(lib_a-errno.o)
                              Core/Src/syscalls.o (__errno)
c:/st/stm32cubeide_1.1.0/stm32cubeide/plugins/com.st.stm32cube.ide.mcu.externaltools.gnu-tools-for-stm32.7-2018-q2-update.win32_1.0.0.201904181610/tools/bin/../lib/gcc/arm-none-eabi/7.3.1/../../../../arm-none-eabi/lib/thumb/v7e-m/fpv4-sp/hard\libc_nano.a(lib_a-exit.o)
                              c:/st/stm32cubeide_1.1.0/stm32cubeide/plugins/com.st.stm32cube.ide.mcu.externaltools.gnu-tools-for-stm32.7-2018-q2-update.win32_1.0.0.201904181610/tools/bin/../lib/gcc/arm-none-eabi/7.3.1/../../../../arm-none-eabi/lib/thumb/v7e-m/fpv4-sp/hard/crt0.o (exit)
c:/st/stm32cubeide_1.1.0/stm32cubeide/plugins/com.st.stm32cube.ide.mcu.externaltools.gnu-tools-for-stm32.7-2018-q2-update.win32_1.0.0.201904181610/tools/bin/../lib/gcc/arm-none-eabi/7.3.1/../../../../arm-none-eabi/lib/thumb/v7e-m/fpv4-sp/hard\libc_nano.a(lib_a-impure.o)
                              c:/st/stm32cubeide_1.1.0/stm32cubeide/plugins/com.st.stm32cube.ide.mcu.externaltools.gnu-tools-for-stm32.7-2018-q2-update.win32_1.0.0.201904181610/tools/bin/../lib/gcc/arm-none-eabi/7.3.1/../../../../arm-none-eabi/lib/thumb/v7e-m/fpv4-sp/hard\libc_nano.a(lib_a-exit.o) (_global_impure_ptr)
c:/st/stm32cubeide_1.1.0/stm32cubeide/plugins/com.st.stm32cube.ide.mcu.externaltools.gnu-tools-for-stm32.7-2018-q2-update.win32_1.0.0.201904181610/tools/bin/../lib/gcc/arm-none-eabi/7.3.1/../../../../arm-none-eabi/lib/thumb/v7e-m/fpv4-sp/hard\libc_nano.a(lib_a-init.o)
                              c:/st/stm32cubeide_1.1.0/stm32cubeide/plugins/com.st.stm32cube.ide.mcu.externaltools.gnu-tools-for-stm32.7-2018-q2-update.win32_1.0.0.201904181610/tools/bin/../lib/gcc/arm-none-eabi/7.3.1/../../../../arm-none-eabi/lib/thumb/v7e-m/fpv4-sp/hard/crt0.o (__libc_init_array)
c:/st/stm32cubeide_1.1.0/stm32cubeide/plugins/com.st.stm32cube.ide.mcu.externaltools.gnu-tools-for-stm32.7-2018-q2-update.win32_1.0.0.201904181610/tools/bin/../lib/gcc/arm-none-eabi/7.3.1/../../../../arm-none-eabi/lib/thumb/v7e-m/fpv4-sp/hard\libc_nano.a(lib_a-memset.o)
                              c:/st/stm32cubeide_1.1.0/stm32cubeide/plugins/com.st.stm32cube.ide.mcu.externaltools.gnu-tools-for-stm32.7-2018-q2-update.win32_1.0.0.201904181610/tools/bin/../lib/gcc/arm-none-eabi/7.3.1/../../../../arm-none-eabi/lib/thumb/v7e-m/fpv4-sp/hard/crt0.o (memset)
c:/st/stm32cubeide_1.1.0/stm32cubeide/plugins/com.st.stm32cube.ide.mcu.externaltools.gnu-tools-for-stm32.7-2018-q2-update.win32_1.0.0.201904181610/tools/bin/../lib/gcc/arm-none-eabi/7.3.1/../../../../arm-none-eabi/lib/thumb/v7e-m/fpv4-sp/hard\libc_nano.a(lib_a-vsprintf.o)
                              sp_drivers/src/sp_stm32_uart.o (vsprintf)
c:/st/stm32cubeide_1.1.0/stm32cubeide/plugins/com.st.stm32cube.ide.mcu.externaltools.gnu-tools-for-stm32.7-2018-q2-update.win32_1.0.0.201904181610/tools/bin/../lib/gcc/arm-none-eabi/7.3.1/../../../../arm-none-eabi/lib/thumb/v7e-m/fpv4-sp/hard\libc_nano.a(lib_a-nano-svfprintf.o)
                              c:/st/stm32cubeide_1.1.0/stm32cubeide/plugins/com.st.stm32cube.ide.mcu.externaltools.gnu-tools-for-stm32.7-2018-q2-update.win32_1.0.0.201904181610/tools/bin/../lib/gcc/arm-none-eabi/7.3.1/../../../../arm-none-eabi/lib/thumb/v7e-m/fpv4-sp/hard\libc_nano.a(lib_a-vsprintf.o) (_svfprintf_r)
c:/st/stm32cubeide_1.1.0/stm32cubeide/plugins/com.st.stm32cube.ide.mcu.externaltools.gnu-tools-for-stm32.7-2018-q2-update.win32_1.0.0.201904181610/tools/bin/../lib/gcc/arm-none-eabi/7.3.1/../../../../arm-none-eabi/lib/thumb/v7e-m/fpv4-sp/hard\libc_nano.a(lib_a-nano-vfprintf_i.o)
                              c:/st/stm32cubeide_1.1.0/stm32cubeide/plugins/com.st.stm32cube.ide.mcu.externaltools.gnu-tools-for-stm32.7-2018-q2-update.win32_1.0.0.201904181610/tools/bin/../lib/gcc/arm-none-eabi/7.3.1/../../../../arm-none-eabi/lib/thumb/v7e-m/fpv4-sp/hard\libc_nano.a(lib_a-nano-svfprintf.o) (_printf_i)
c:/st/stm32cubeide_1.1.0/stm32cubeide/plugins/com.st.stm32cube.ide.mcu.externaltools.gnu-tools-for-stm32.7-2018-q2-update.win32_1.0.0.201904181610/tools/bin/../lib/gcc/arm-none-eabi/7.3.1/../../../../arm-none-eabi/lib/thumb/v7e-m/fpv4-sp/hard\libc_nano.a(lib_a-memchr.o)
                              c:/st/stm32cubeide_1.1.0/stm32cubeide/plugins/com.st.stm32cube.ide.mcu.externaltools.gnu-tools-for-stm32.7-2018-q2-update.win32_1.0.0.201904181610/tools/bin/../lib/gcc/arm-none-eabi/7.3.1/../../../../arm-none-eabi/lib/thumb/v7e-m/fpv4-sp/hard\libc_nano.a(lib_a-nano-svfprintf.o) (memchr)
[...]
Memory Configuration

Name             Origin             Length             Attributes
RAM              0x0000000020000000 0x0000000000020000 xrw
FLASH            0x0000000008000000 0x0000000000080000 xr
*default*        0x0000000000000000 0xffffffffffffffff

Linker script and memory map

LOAD c:/st/stm32cubeide_1.1.0/stm32cubeide/plugins/com.st.stm32cube.ide.mcu.externaltools.gnu-tools-for-stm32.7-2018-q2-update.win32_1.0.0.201904181610/tools/bin/../lib/gcc/arm-none-eabi/7.3.1/thumb/v7e-m/fpv4-sp/hard/crti.o
LOAD c:/st/stm32cubeide_1.1.0/stm32cubeide/plugins/com.st.stm32cube.ide.mcu.externaltools.gnu-tools-for-stm32.7-2018-q2-update.win32_1.0.0.201904181610/tools/bin/../lib/gcc/arm-none-eabi/7.3.1/thumb/v7e-m/fpv4-sp/hard/crtbegin.o
LOAD c:/st/stm32cubeide_1.1.0/stm32cubeide/plugins/com.st.stm32cube.ide.mcu.externaltools.gnu-tools-for-stm32.7-2018-q2-update.win32_1.0.0.201904181610/tools/bin/../lib/gcc/arm-none-eabi/7.3.1/../../../../arm-none-eabi/lib/thumb/v7e-m/fpv4-sp/hard/crt0.o
LOAD Core/Src/main.o
LOAD Core/Src/stm32f4xx_hal_msp.o
LOAD Core/Src/stm32f4xx_it.o
LOAD Core/Src/syscalls.o
LOAD Core/Src/sysmem.o
LOAD Core/Src/system_stm32f4xx.o
LOAD Core/Startup/startup_stm32f446retx.o
LOAD Drivers/STM32F4xx_HAL_Driver/Src/stm32f4xx_hal.o
LOAD Drivers/STM32F4xx_HAL_Driver/Src/stm32f4xx_hal_cortex.o
LOAD Drivers/STM32F4xx_HAL_Driver/Src/stm32f4xx_hal_dma.o
LOAD Drivers/STM32F4xx_HAL_Driver/Src/stm32f4xx_hal_dma_ex.o
LOAD Drivers/STM32F4xx_HAL_Driver/Src/stm32f4xx_hal_exti.o
LOAD Drivers/STM32F4xx_HAL_Driver/Src/stm32f4xx_hal_flash.o
LOAD Drivers/STM32F4xx_HAL_Driver/Src/stm32f4xx_hal_flash_ex.o
LOAD Drivers/STM32F4xx_HAL_Driver/Src/stm32f4xx_hal_flash_ramfunc.o
LOAD Drivers/STM32F4xx_HAL_Driver/Src/stm32f4xx_hal_gpio.o
LOAD Drivers/STM32F4xx_HAL_Driver/Src/stm32f4xx_hal_pwr.o
LOAD Drivers/STM32F4xx_HAL_Driver/Src/stm32f4xx_hal_pwr_ex.o
LOAD Drivers/STM32F4xx_HAL_Driver/Src/stm32f4xx_hal_rcc.o
LOAD Drivers/STM32F4xx_HAL_Driver/Src/stm32f4xx_hal_rcc_ex.o
LOAD Drivers/STM32F4xx_HAL_Driver/Src/stm32f4xx_hal_tim.o
LOAD Drivers/STM32F4xx_HAL_Driver/Src/stm32f4xx_hal_tim_ex.o
LOAD sp_drivers/src/sp_stm32_adc.o
LOAD sp_drivers/src/sp_stm32_bootloader.o
LOAD sp_drivers/src/sp_stm32_clock.o
LOAD sp_drivers/src/sp_stm32_crc.o
LOAD sp_drivers/src/sp_stm32_flash.o
LOAD sp_drivers/src/sp_stm32_gpio.o
LOAD sp_drivers/src/sp_stm32_sd.o
LOAD sp_drivers/src/sp_stm32_spi.o
LOAD sp_drivers/src/sp_stm32_timer.o
LOAD sp_drivers/src/sp_stm32_uart.o
START GROUP
LOAD c:/st/stm32cubeide_1.1.0/stm32cubeide/plugins/com.st.stm32cube.ide.mcu.externaltools.gnu-tools-for-stm32.7-2018-q2-update.win32_1.0.0.201904181610/tools/bin/../lib/gcc/arm-none-eabi/7.3.1/../../../../arm-none-eabi/lib/thumb/v7e-m/fpv4-sp/hard\libc_nano.a
LOAD c:/st/stm32cubeide_1.1.0/stm32cubeide/plugins/com.st.stm32cube.ide.mcu.externaltools.gnu-tools-for-stm32.7-2018-q2-update.win32_1.0.0.201904181610/tools/bin/../lib/gcc/arm-none-eabi/7.3.1/../../../../arm-none-eabi/lib/thumb/v7e-m/fpv4-sp/hard\libm.a
END GROUP
START GROUP
LOAD c:/st/stm32cubeide_1.1.0/stm32cubeide/plugins/com.st.stm32cube.ide.mcu.externaltools.gnu-tools-for-stm32.7-2018-q2-update.win32_1.0.0.201904181610/tools/bin/../lib/gcc/arm-none-eabi/7.3.1/thumb/v7e-m/fpv4-sp/hard\libgcc.a
LOAD c:/st/stm32cubeide_1.1.0/stm32cubeide/plugins/com.st.stm32cube.ide.mcu.externaltools.gnu-tools-for-stm32.7-2018-q2-update.win32_1.0.0.201904181610/tools/bin/../lib/gcc/arm-none-eabi/7.3.1/../../../../arm-none-eabi/lib/thumb/v7e-m/fpv4-sp/hard\libc_nano.a
END GROUP
START GROUP
LOAD c:/st/stm32cubeide_1.1.0/stm32cubeide/plugins/com.st.stm32cube.ide.mcu.externaltools.gnu-tools-for-stm32.7-2018-q2-update.win32_1.0.0.201904181610/tools/bin/../lib/gcc/arm-none-eabi/7.3.1/thumb/v7e-m/fpv4-sp/hard\libgcc.a
LOAD c:/st/stm32cubeide_1.1.0/stm32cubeide/plugins/com.st.stm32cube.ide.mcu.externaltools.gnu-tools-for-stm32.7-2018-q2-update.win32_1.0.0.201904181610/tools/bin/../lib/gcc/arm-none-eabi/7.3.1/../../../../arm-none-eabi/lib/thumb/v7e-m/fpv4-sp/hard\libc_nano.a
LOAD c:/st/stm32cubeide_1.1.0/stm32cubeide/plugins/com.st.stm32cube.ide.mcu.externaltools.gnu-tools-for-stm32.7-2018-q2-update.win32_1.0.0.201904181610/tools/bin/../lib/gcc/arm-none-eabi/7.3.1/../../../../arm-none-eabi/lib/thumb/v7e-m/fpv4-sp/hard\libnosys.a
END GROUP
START GROUP
LOAD c:/st/stm32cubeide_1.1.0/stm32cubeide/plugins/com.st.stm32cube.ide.mcu.externaltools.gnu-tools-for-stm32.7-2018-q2-update.win32_1.0.0.201904181610/tools/bin/../lib/gcc/arm-none-eabi/7.3.1/thumb/v7e-m/fpv4-sp/hard\libgcc.a
LOAD c:/st/stm32cubeide_1.1.0/stm32cubeide/plugins/com.st.stm32cube.ide.mcu.externaltools.gnu-tools-for-stm32.7-2018-q2-update.win32_1.0.0.201904181610/tools/bin/../lib/gcc/arm-none-eabi/7.3.1/../../../../arm-none-eabi/lib/thumb/v7e-m/fpv4-sp/hard\libc_nano.a
LOAD c:/st/stm32cubeide_1.1.0/stm32cubeide/plugins/com.st.stm32cube.ide.mcu.externaltools.gnu-tools-for-stm32.7-2018-q2-update.win32_1.0.0.201904181610/tools/bin/../lib/gcc/arm-none-eabi/7.3.1/../../../../arm-none-eabi/lib/thumb/v7e-m/fpv4-sp/hard\libnosys.a
END GROUP
LOAD c:/st/stm32cubeide_1.1.0/stm32cubeide/plugins/com.st.stm32cube.ide.mcu.externaltools.gnu-tools-for-stm32.7-2018-q2-update.win32_1.0.0.201904181610/tools/bin/../lib/gcc/arm-none-eabi/7.3.1/thumb/v7e-m/fpv4-sp/hard/crtend.o
LOAD c:/st/stm32cubeide_1.1.0/stm32cubeide/plugins/com.st.stm32cube.ide.mcu.externaltools.gnu-tools-for-stm32.7-2018-q2-update.win32_1.0.0.201904181610/tools/bin/../lib/gcc/arm-none-eabi/7.3.1/thumb/v7e-m/fpv4-sp/hard/crtn.o
                0x0000000020020000                _estack = (ORIGIN (RAM) + LENGTH (RAM))
                0x0000000000000200                _Min_Heap_Size = 0x200
                0x0000000000000400                _Min_Stack_Size = 0x400

.isr_vector     0x0000000008000000      0x1c4
                0x0000000008000000                . = ALIGN (0x4)
 *(.isr_vector)
 .isr_vector    0x0000000008000000      0x1c4 Core/Startup/startup_stm32f446retx.o
                0x0000000008000000                g_pfnVectors
                0x00000000080001c4                . = ALIGN (0x4)

.text           0x00000000080001d0     0x1674
                0x00000000080001d0                . = ALIGN (0x4)
 *(.text)
 .text          0x00000000080001d0       0x40 c:/st/stm32cubeide_1.1.0/stm32cubeide/plugins/com.st.stm32cube.ide.mcu.externaltools.gnu-tools-for-stm32.7-2018-q2-update.win32_1.0.0.201904181610/tools/bin/../lib/gcc/arm-none-eabi/7.3.1/thumb/v7e-m/fpv4-sp/hard/crtbegin.o
 .text          0x0000000008000210       0xa0 c:/st/stm32cubeide_1.1.0/stm32cubeide/plugins/com.st.stm32cube.ide.mcu.externaltools.gnu-tools-for-stm32.7-2018-q2-update.win32_1.0.0.201904181610/tools/bin/../lib/gcc/arm-none-eabi/7.3.1/../../../../arm-none-eabi/lib/thumb/v7e-m/fpv4-sp/hard\libc_nano.a(lib_a-memchr.o)
                0x0000000008000210                memchr
 *(.text*)
 .text.gpioinit
                0x00000000080002b0       0x48 Core/Src/main.o
                0x00000000080002b0                gpioinit
 .text.uartinit
                0x00000000080002f8       0x7c Core/Src/main.o
                0x00000000080002f8                uartinit
 .text.spiinit  0x0000000008000374       0x88 Core/Src/main.o
                0x0000000008000374                spiinit
 .text.spideinit
                0x00000000080003fc       0x34 Core/Src/main.o
                0x00000000080003fc                spideinit
 .text.main     0x0000000008000430       0x3c Core/Src/main.o
                0x0000000008000430                main
 .text.delay1   0x000000000800046c       0x50 Core/Src/main.o
                0x000000000800046c                delay1
 .text.NMI_Handler
                0x00000000080004bc        0xe Core/Src/stm32f4xx_it.o
                0x00000000080004bc                NMI_Handler
 .text.HardFault_Handler
                0x00000000080004ca        0x6 Core/Src/stm32f4xx_it.o
                0x00000000080004ca                HardFault_Handler
 .text.MemManage_Handler
                0x00000000080004d0        0x6 Core/Src/stm32f4xx_it.o
                0x00000000080004d0                MemManage_Handler
 .text.BusFault_Handler
                0x00000000080004d6        0x6 Core/Src/stm32f4xx_it.o
                0x00000000080004d6                BusFault_Handler
 .text.UsageFault_Handler
                0x00000000080004dc        0x6 Core/Src/stm32f4xx_it.o
                0x00000000080004dc                UsageFault_Handler
 .text.SVC_Handler
                0x00000000080004e2        0xe Core/Src/stm32f4xx_it.o
                0x00000000080004e2                SVC_Handler
 .text.DebugMon_Handler
                0x00000000080004f0        0xe Core/Src/stm32f4xx_it.o
                0x00000000080004f0                DebugMon_Handler
 .text.PendSV_Handler
                0x00000000080004fe        0xe Core/Src/stm32f4xx_it.o
                0x00000000080004fe                PendSV_Handler
 .text.SysTick_Handler
                0x000000000800050c        0xc Core/Src/stm32f4xx_it.o
                0x000000000800050c                SysTick_Handler
 .text._sbrk    0x0000000008000518       0x58 Core/Src/sysmem.o
                0x0000000008000518                _sbrk
 .text.SystemInit
                0x0000000008000570       0x2c Core/Src/system_stm32f4xx.o
                0x0000000008000570                SystemInit
 .text.Reset_Handler
                0x000000000800059c       0x50 Core/Startup/startup_stm32f446retx.o
                0x000000000800059c                Reset_Handler
 .text.Default_Handler
                0x00000000080005ec        0x2 Core/Startup/startup_stm32f446retx.o
                0x00000000080005ec                RTC_Alarm_IRQHandler
                0x00000000080005ec                EXTI2_IRQHandler
                0x00000000080005ec                TIM8_CC_IRQHandler
                0x00000000080005ec                FMPI2C1_EV_IRQHandler
                0x00000000080005ec                SPI4_IRQHandler
                0x00000000080005ec                TIM1_CC_IRQHandler
                0x00000000080005ec                DMA2_Stream5_IRQHandler
                0x00000000080005ec                DMA1_Stream5_IRQHandler
                0x00000000080005ec                PVD_IRQHandler
                0x00000000080005ec                SDIO_IRQHandler
                0x00000000080005ec                TAMP_STAMP_IRQHandler
                0x00000000080005ec                CAN2_RX1_IRQHandler
                0x00000000080005ec                EXTI3_IRQHandler
                0x00000000080005ec                TIM8_TRG_COM_TIM14_IRQHandler
                0x00000000080005ec                TIM1_UP_TIM10_IRQHandler
                0x00000000080005ec                TIM8_UP_TIM13_IRQHandler
                0x00000000080005ec                I2C3_ER_IRQHandler
                0x00000000080005ec                EXTI0_IRQHandler
                0x00000000080005ec                I2C2_EV_IRQHandler
                0x00000000080005ec                DMA1_Stream2_IRQHandler
                0x00000000080005ec                CAN1_RX0_IRQHandler
                0x00000000080005ec                FPU_IRQHandler
                0x00000000080005ec                OTG_HS_WKUP_IRQHandler
                0x00000000080005ec                CAN2_SCE_IRQHandler
                0x00000000080005ec                DMA2_Stream2_IRQHandler
                0x00000000080005ec                SPI1_IRQHandler
                0x00000000080005ec                TIM6_DAC_IRQHandler
                0x00000000080005ec                TIM1_BRK_TIM9_IRQHandler
                0x00000000080005ec                DCMI_IRQHandler
                0x00000000080005ec                CAN2_RX0_IRQHandler
                0x00000000080005ec                DMA2_Stream3_IRQHandler
                0x00000000080005ec                SAI2_IRQHandler
                0x00000000080005ec                USART6_IRQHandler
                0x00000000080005ec                USART3_IRQHandler
                0x00000000080005ec                CAN1_RX1_IRQHandler
                0x00000000080005ec                UART5_IRQHandler
                0x00000000080005ec                DMA2_Stream0_IRQHandler
                0x00000000080005ec                TIM4_IRQHandler
                0x00000000080005ec                QUADSPI_IRQHandler
                0x00000000080005ec                I2C1_EV_IRQHandler
                0x00000000080005ec                DMA1_Stream6_IRQHandler
                0x00000000080005ec                DMA1_Stream1_IRQHandler
                0x00000000080005ec                UART4_IRQHandler
                0x00000000080005ec                TIM3_IRQHandler
                0x00000000080005ec                RCC_IRQHandler
                0x00000000080005ec                TIM8_BRK_TIM12_IRQHandler
                0x00000000080005ec                Default_Handler
                0x00000000080005ec                CEC_IRQHandler
                0x00000000080005ec                EXTI15_10_IRQHandler
                0x00000000080005ec                ADC_IRQHandler
                0x00000000080005ec                DMA1_Stream7_IRQHandler
                0x00000000080005ec                TIM7_IRQHandler
                0x00000000080005ec                CAN2_TX_IRQHandler
                0x00000000080005ec                TIM5_IRQHandler
                0x00000000080005ec                DMA2_Stream7_IRQHandler
                0x00000000080005ec                I2C3_EV_IRQHandler
                0x00000000080005ec                EXTI9_5_IRQHandler
                0x00000000080005ec                RTC_WKUP_IRQHandler
                0x00000000080005ec                SPDIF_RX_IRQHandler
                0x00000000080005ec                SPI2_IRQHandler
                0x00000000080005ec                OTG_HS_EP1_IN_IRQHandler
                0x00000000080005ec                DMA1_Stream0_IRQHandler
                0x00000000080005ec                CAN1_TX_IRQHandler
                0x00000000080005ec                FMPI2C1_ER_IRQHandler
                0x00000000080005ec                EXTI4_IRQHandler
                0x00000000080005ec                OTG_HS_EP1_OUT_IRQHandler
                0x00000000080005ec                WWDG_IRQHandler
                0x00000000080005ec                TIM2_IRQHandler
                0x00000000080005ec                OTG_FS_WKUP_IRQHandler
                0x00000000080005ec                TIM1_TRG_COM_TIM11_IRQHandler
                0x00000000080005ec                OTG_HS_IRQHandler
                0x00000000080005ec                EXTI1_IRQHandler
                0x00000000080005ec                USART2_IRQHandler
                0x00000000080005ec                I2C2_ER_IRQHandler
                0x00000000080005ec                DMA2_Stream1_IRQHandler
                0x00000000080005ec                CAN1_SCE_IRQHandler
                0x00000000080005ec                FLASH_IRQHandler
                0x00000000080005ec                DMA2_Stream4_IRQHandler
                0x00000000080005ec                USART1_IRQHandler
                0x00000000080005ec                OTG_FS_IRQHandler
                0x00000000080005ec                SPI3_IRQHandler
                0x00000000080005ec                DMA1_Stream4_IRQHandler
                0x00000000080005ec                I2C1_ER_IRQHandler
                0x00000000080005ec                FMC_IRQHandler
                0x00000000080005ec                DMA2_Stream6_IRQHandler
                0x00000000080005ec                SAI1_IRQHandler
                0x00000000080005ec                DMA1_Stream3_IRQHandler
 *fill*         0x00000000080005ee        0x2 
 .text.HAL_IncTick
                0x00000000080005f0       0x28 Drivers/STM32F4xx_HAL_Driver/Src/stm32f4xx_hal.o
                0x00000000080005f0                HAL_IncTick
 .text.jumpto_app
                0x0000000008000618       0x34 sp_drivers/src/sp_stm32_bootloader.o
                0x0000000008000618                jumpto_app
 .text.bootloader_uartread
                0x000000000800064c       0x68 sp_drivers/src/sp_stm32_bootloader.o
                0x000000000800064c                bootloader_uartread
 .text.bootloader_flasherase_cmd
                0x00000000080006b4       0x54 sp_drivers/src/sp_stm32_bootloader.o
                0x00000000080006b4                bootloader_flasherase_cmd
 .text.bootloader_memwrite_cmd
                0x0000000008000708       0x84 sp_drivers/src/sp_stm32_bootloader.o
                0x0000000008000708                bootloader_memwrite_cmd
 .text.execute_memorywrite
                0x000000000800078c       0x40 sp_drivers/src/sp_stm32_bootloader.o
                0x000000000800078c                execute_memorywrite
 .text.Flash_Write
                0x00000000080007cc       0x8c sp_drivers/src/sp_stm32_flash.o
                0x00000000080007cc                Flash_Write
 .text.Flash_Erase
                0x0000000008000858       0xdc sp_drivers/src/sp_stm32_flash.o
                0x0000000008000858                Flash_Erase
 .text.GPIO_Config
                0x0000000008000934       0x84 sp_drivers/src/sp_stm32_gpio.o
                0x0000000008000934                GPIO_Config
 .text.GPIO_Deinit
                0x00000000080009b8       0x7a sp_drivers/src/sp_stm32_gpio.o
                0x00000000080009b8                GPIO_Deinit
 .text.GPIO_Read
                0x0000000008000a32       0x2e sp_drivers/src/sp_stm32_gpio.o
                0x0000000008000a32                GPIO_Read
 .text.sd_init  0x0000000008000a60      0x10c sp_drivers/src/sp_stm32_sd.o
                0x0000000008000a60                sd_init
 .text.sd_readsingleblock
                0x0000000008000b6c       0xa8 sp_drivers/src/sp_stm32_sd.o
                0x0000000008000b6c                sd_readsingleblock
 .text.sd_sendSPI
                0x0000000008000c14       0x40 sp_drivers/src/sp_stm32_sd.o
                0x0000000008000c14                sd_sendSPI
 .text.wait_fortoken
                0x0000000008000c54       0x2c sp_drivers/src/sp_stm32_sd.o
                0x0000000008000c54                wait_fortoken
 .text.dummy_byte
                0x0000000008000c80       0x50 sp_drivers/src/sp_stm32_sd.o
                0x0000000008000c80                dummy_byte
 .text.SPI_Config
                0x0000000008000cd0       0x56 sp_drivers/src/sp_stm32_spi.o
                0x0000000008000cd0                SPI_Config
 .text.SPI_Enable
                0x0000000008000d26       0x20 sp_drivers/src/sp_stm32_spi.o
                0x0000000008000d26                SPI_Enable
 *fill*         0x0000000008000d46        0x2 
 .text.SPI_TxBufferEmpty
                0x0000000008000d48       0x28 sp_drivers/src/sp_stm32_spi.o
                0x0000000008000d48                SPI_TxBufferEmpty
 .text.SPI_Receivedata
                0x0000000008000d70       0x84 sp_drivers/src/sp_stm32_spi.o
                0x0000000008000d70                SPI_Receivedata
 .text.SPI_Receivedataall
                0x0000000008000df4       0x60 sp_drivers/src/sp_stm32_spi.o
                0x0000000008000df4                SPI_Receivedataall
 .text.SPI_Sendchar
                0x0000000008000e54       0x38 sp_drivers/src/sp_stm32_spi.o
                0x0000000008000e54                SPI_Sendchar
 .text.USART_Config
                0x0000000008000e8c       0x3e sp_drivers/src/sp_stm32_uart.o
                0x0000000008000e8c                USART_Config
 .text.USART_Enable
                0x0000000008000eca       0x20 sp_drivers/src/sp_stm32_uart.o
                0x0000000008000eca                USART_Enable
 .text.USART_SendChar
                0x0000000008000eea       0x2c sp_drivers/src/sp_stm32_uart.o
                0x0000000008000eea                USART_SendChar
 .text.USART_SendString
                0x0000000008000f16       0x2e sp_drivers/src/sp_stm32_uart.o
                0x0000000008000f16                USART_SendString
 .text.USART_Receive
                0x0000000008000f44       0x50 sp_drivers/src/sp_stm32_uart.o
                0x0000000008000f44                USART_Receive
 .text.printmsg
                0x0000000008000f94       0x38 sp_drivers/src/sp_stm32_uart.o
                0x0000000008000f94                printmsg
 .text.__errno  0x0000000008000fcc        0xc c:/st/stm32cubeide_1.1.0/stm32cubeide/plugins/com.st.stm32cube.ide.mcu.externaltools.gnu-tools-for-stm32.7-2018-q2-update.win32_1.0.0.201904181610/tools/bin/../lib/gcc/arm-none-eabi/7.3.1/../../../../arm-none-eabi/lib/thumb/v7e-m/fpv4-sp/hard\libc_nano.a(lib_a-errno.o)
                0x0000000008000fcc                __errno
 .text.__libc_init_array
                0x0000000008000fd8       0x48 c:/st/stm32cubeide_1.1.0/stm32cubeide/plugins/com.st.stm32cube.ide.mcu.externaltools.gnu-tools-for-stm32.7-2018-q2-update.win32_1.0.0.201904181610/tools/bin/../lib/gcc/arm-none-eabi/7.3.1/../../../../arm-none-eabi/lib/thumb/v7e-m/fpv4-sp/hard\libc_nano.a(lib_a-init.o)
                0x0000000008000fd8                __libc_init_array
 .text._vsprintf_r
                0x0000000008001020       0x2c c:/st/stm32cubeide_1.1.0/stm32cubeide/plugins/com.st.stm32cube.ide.mcu.externaltools.gnu-tools-for-stm32.7-2018-q2-update.win32_1.0.0.201904181610/tools/bin/../lib/gcc/arm-none-eabi/7.3.1/../../../../arm-none-eabi/lib/thumb/v7e-m/fpv4-sp/hard\libc_nano.a(lib_a-vsprintf.o)
                0x0000000008001020                _vsprintf_r
                0x0000000008001020                _vsiprintf_r
 .text.vsprintf
                0x000000000800104c       0x14 c:/st/stm32cubeide_1.1.0/stm32cubeide/plugins/com.st.stm32cube.ide.mcu.externaltools.gnu-tools-for-stm32.7-2018-q2-update.win32_1.0.0.201904181610/tools/bin/../lib/gcc/arm-none-eabi/7.3.1/../../../../arm-none-eabi/lib/thumb/v7e-m/fpv4-sp/hard\libc_nano.a(lib_a-vsprintf.o)
                0x000000000800104c                vsiprintf
                0x000000000800104c                vsprintf
 .text.__ssputs_r
                0x0000000008001060       0xb4 c:/st/stm32cubeide_1.1.0/stm32cubeide/plugins/com.st.stm32cube.ide.mcu.externaltools.gnu-tools-for-stm32.7-2018-q2-update.win32_1.0.0.201904181610/tools/bin/../lib/gcc/arm-none-eabi/7.3.1/../../../../arm-none-eabi/lib/thumb/v7e-m/fpv4-sp/hard\libc_nano.a(lib_a-nano-svfprintf.o)
                0x0000000008001060                __ssputs_r
 .text._svfprintf_r
                0x0000000008001114      0x1f0 c:/st/stm32cubeide_1.1.0/stm32cubeide/plugins/com.st.stm32cube.ide.mcu.externaltools.gnu-tools-for-stm32.7-2018-q2-update.win32_1.0.0.201904181610/tools/bin/../lib/gcc/arm-none-eabi/7.3.1/../../../../arm-none-eabi/lib/thumb/v7e-m/fpv4-sp/hard\libc_nano.a(lib_a-nano-svfprintf.o)
                0x0000000008001114                _svfiprintf_r
                0x0000000008001114                _svfprintf_r
 .text._printf_common
                0x0000000008001304       0xea c:/st/stm32cubeide_1.1.0/stm32cubeide/plugins/com.st.stm32cube.ide.mcu.externaltools.gnu-tools-for-stm32.7-2018-q2-update.win32_1.0.0.201904181610/tools/bin/../lib/gcc/arm-none-eabi/7.3.1/../../../../arm-none-eabi/lib/thumb/v7e-m/fpv4-sp/hard\libc_nano.a(lib_a-nano-vfprintf_i.o)
                0x0000000008001304                _printf_common
 *fill*         0x00000000080013ee        0x2 
 .text._printf_i
                0x00000000080013f0      0x224 c:/st/stm32cubeide_1.1.0/stm32cubeide/plugins/com.st.stm32cube.ide.mcu.externaltools.gnu-tools-for-stm32.7-2018-q2-update.win32_1.0.0.201904181610/tools/bin/../lib/gcc/arm-none-eabi/7.3.1/../../../../arm-none-eabi/lib/thumb/v7e-m/fpv4-sp/hard\libc_nano.a(lib_a-nano-vfprintf_i.o)
                0x00000000080013f0                _printf_i
 .text.memcpy   0x0000000008001614       0x16 c:/st/stm32cubeide_1.1.0/stm32cubeide/plugins/com.st.stm32cube.ide.mcu.externaltools.gnu-tools-for-stm32.7-2018-q2-update.win32_1.0.0.201904181610/tools/bin/../lib/gcc/arm-none-eabi/7.3.1/../../../../arm-none-eabi/lib/thumb/v7e-m/fpv4-sp/hard\libc_nano.a(lib_a-memcpy-stub.o)
                0x0000000008001614                memcpy
 .text.memmove  0x000000000800162a       0x32 c:/st/stm32cubeide_1.1.0/stm32cubeide/plugins/com.st.stm32cube.ide.mcu.externaltools.gnu-tools-for-stm32.7-2018-q2-update.win32_1.0.0.201904181610/tools/bin/../lib/gcc/arm-none-eabi/7.3.1/../../../../arm-none-eabi/lib/thumb/v7e-m/fpv4-sp/hard\libc_nano.a(lib_a-memmove.o)
                0x000000000800162a                memmove
 .text._free_r  0x000000000800165c       0x9c c:/st/stm32cubeide_1.1.0/stm32cubeide/plugins/com.st.stm32cube.ide.mcu.externaltools.gnu-tools-for-stm32.7-2018-q2-update.win32_1.0.0.201904181610/tools/bin/../lib/gcc/arm-none-eabi/7.3.1/../../../../arm-none-eabi/lib/thumb/v7e-m/fpv4-sp/hard\libc_nano.a(lib_a-nano-freer.o)
                0x000000000800165c                _free_r
 .text._malloc_r
                0x00000000080016f8       0xb4 c:/st/stm32cubeide_1.1.0/stm32cubeide/plugins/com.st.stm32cube.ide.mcu.externaltools.gnu-tools-for-stm32.7-2018-q2-update.win32_1.0.0.201904181610/tools/bin/../lib/gcc/arm-none-eabi/7.3.1/../../../../arm-none-eabi/lib/thumb/v7e-m/fpv4-sp/hard\libc_nano.a(lib_a-nano-mallocr.o)
                0x00000000080016f8                _malloc_r
 .text._realloc_r
                0x00000000080017ac       0x4c c:/st/stm32cubeide_1.1.0/stm32cubeide/plugins/com.st.stm32cube.ide.mcu.externaltools.gnu-tools-for-stm32.7-2018-q2-update.win32_1.0.0.201904181610/tools/bin/../lib/gcc/arm-none-eabi/7.3.1/../../../../arm-none-eabi/lib/thumb/v7e-m/fpv4-sp/hard\libc_nano.a(lib_a-nano-reallocr.o)
                0x00000000080017ac                _realloc_r
 .text._sbrk_r  0x00000000080017f8       0x20 c:/st/stm32cubeide_1.1.0/stm32cubeide/plugins/com.st.stm32cube.ide.mcu.externaltools.gnu-tools-for-stm32.7-2018-q2-update.win32_1.0.0.201904181610/tools/bin/../lib/gcc/arm-none-eabi/7.3.1/../../../../arm-none-eabi/lib/thumb/v7e-m/fpv4-sp/hard\libc_nano.a(lib_a-sbrkr.o)
                0x00000000080017f8                _sbrk_r
 .text.__malloc_lock
                0x0000000008001818        0x2 c:/st/stm32cubeide_1.1.0/stm32cubeide/plugins/com.st.stm32cube.ide.mcu.externaltools.gnu-tools-for-stm32.7-2018-q2-update.win32_1.0.0.201904181610/tools/bin/../lib/gcc/arm-none-eabi/7.3.1/../../../../arm-none-eabi/lib/thumb/v7e-m/fpv4-sp/hard\libc_nano.a(lib_a-mlock.o)
                0x0000000008001818                __malloc_lock
 .text.__malloc_unlock
                0x000000000800181a        0x2 c:/st/stm32cubeide_1.1.0/stm32cubeide/plugins/com.st.stm32cube.ide.mcu.externaltools.gnu-tools-for-stm32.7-2018-q2-update.win32_1.0.0.201904181610/tools/bin/../lib/gcc/arm-none-eabi/7.3.1/../../../../arm-none-eabi/lib/thumb/v7e-m/fpv4-sp/hard\libc_nano.a(lib_a-mlock.o)
                0x000000000800181a                __malloc_unlock
 .text._malloc_usable_size_r
                0x000000000800181c       0x10 c:/st/stm32cubeide_1.1.0/stm32cubeide/plugins/com.st.stm32cube.ide.mcu.externaltools.gnu-tools-for-stm32.7-2018-q2-update.win32_1.0.0.201904181610/tools/bin/../lib/gcc/arm-none-eabi/7.3.1/../../../../arm-none-eabi/lib/thumb/v7e-m/fpv4-sp/hard\libc_nano.a(lib_a-nano-msizer.o)
                0x000000000800181c                _malloc_usable_size_r
 *(.glue_7)
 .glue_7        0x000000000800182c        0x0 linker stubs
 *(.glue_7t)
 .glue_7t       0x000000000800182c        0x0 linker stubs
 *(.eh_frame)
 .eh_frame      0x000000000800182c        0x0 c:/st/stm32cubeide_1.1.0/stm32cubeide/plugins/com.st.stm32cube.ide.mcu.externaltools.gnu-tools-for-stm32.7-2018-q2-update.win32_1.0.0.201904181610/tools/bin/../lib/gcc/arm-none-eabi/7.3.1/thumb/v7e-m/fpv4-sp/hard/crtbegin.o
 *(.init)
 .init          0x000000000800182c        0x4 c:/st/stm32cubeide_1.1.0/stm32cubeide/plugins/com.st.stm32cube.ide.mcu.externaltools.gnu-tools-for-stm32.7-2018-q2-update.win32_1.0.0.201904181610/tools/bin/../lib/gcc/arm-none-eabi/7.3.1/thumb/v7e-m/fpv4-sp/hard/crti.o
                0x000000000800182c                _init
 .init          0x0000000008001830        0x8 c:/st/stm32cubeide_1.1.0/stm32cubeide/plugins/com.st.stm32cube.ide.mcu.externaltools.gnu-tools-for-stm32.7-2018-q2-update.win32_1.0.0.201904181610/tools/bin/../lib/gcc/arm-none-eabi/7.3.1/thumb/v7e-m/fpv4-sp/hard/crtn.o
 *(.fini)
 .fini          0x0000000008001838        0x4 c:/st/stm32cubeide_1.1.0/stm32cubeide/plugins/com.st.stm32cube.ide.mcu.externaltools.gnu-tools-for-stm32.7-2018-q2-update.win32_1.0.0.201904181610/tools/bin/../lib/gcc/arm-none-eabi/7.3.1/thumb/v7e-m/fpv4-sp/hard/crti.o
                0x0000000008001838                _fini
 .fini          0x000000000800183c        0x8 c:/st/stm32cubeide_1.1.0/stm32cubeide/plugins/com.st.stm32cube.ide.mcu.externaltools.gnu-tools-for-stm32.7-2018-q2-update.win32_1.0.0.201904181610/tools/bin/../lib/gcc/arm-none-eabi/7.3.1/thumb/v7e-m/fpv4-sp/hard/crtn.o
                0x0000000008001844                . = ALIGN (0x4)
                0x0000000008001844                _etext = .

.vfp11_veneer   0x0000000008001844        0x0
 .vfp11_veneer  0x0000000008001844        0x0 linker stubs

.v4_bx          0x0000000008001844        0x0
 .v4_bx         0x0000000008001844        0x0 linker stubs

.iplt           0x0000000008001844        0x0
 .iplt          0x0000000008001844        0x0 c:/st/stm32cubeide_1.1.0/stm32cubeide/plugins/com.st.stm32cube.ide.mcu.externaltools.gnu-tools-for-stm32.7-2018-q2-update.win32_1.0.0.201904181610/tools/bin/../lib/gcc/arm-none-eabi/7.3.1/thumb/v7e-m/fpv4-sp/hard/crtbegin.o

.rodata         0x0000000008001844      0x124
                0x0000000008001844                . = ALIGN (0x4)
 *(.rodata)
 .rodata        0x0000000008001844       0xbc sp_drivers/src/sp_stm32_bootloader.o
 .rodata        0x0000000008001900       0x32 sp_drivers/src/sp_stm32_sd.o
 *(.rodata*)
 .rodata._svfprintf_r.str1.1
                0x0000000008001932       0x11 c:/st/stm32cubeide_1.1.0/stm32cubeide/plugins/com.st.stm32cube.ide.mcu.externaltools.gnu-tools-for-stm32.7-2018-q2-update.win32_1.0.0.201904181610/tools/bin/../lib/gcc/arm-none-eabi/7.3.1/../../../../arm-none-eabi/lib/thumb/v7e-m/fpv4-sp/hard\libc_nano.a(lib_a-nano-svfprintf.o)
 .rodata._printf_i.str1.1
                0x0000000008001943       0x22 c:/st/stm32cubeide_1.1.0/stm32cubeide/plugins/com.st.stm32cube.ide.mcu.externaltools.gnu-tools-for-stm32.7-2018-q2-update.win32_1.0.0.201904181610/tools/bin/../lib/gcc/arm-none-eabi/7.3.1/../../../../arm-none-eabi/lib/thumb/v7e-m/fpv4-sp/hard\libc_nano.a(lib_a-nano-vfprintf_i.o)
                0x0000000008001968                . = ALIGN (0x4)
 *fill*         0x0000000008001965        0x3 

.rel.dyn        0x0000000008001968        0x0
 .rel.iplt      0x0000000008001968        0x0 c:/st/stm32cubeide_1.1.0/stm32cubeide/plugins/com.st.stm32cube.ide.mcu.externaltools.gnu-tools-for-stm32.7-2018-q2-update.win32_1.0.0.201904181610/tools/bin/../lib/gcc/arm-none-eabi/7.3.1/thumb/v7e-m/fpv4-sp/hard/crtbegin.o

.ARM.extab      0x0000000008001968        0x0
                0x0000000008001968                . = ALIGN (0x4)
 *(.ARM.extab* .gnu.linkonce.armextab.*)
                0x0000000008001968                . = ALIGN (0x4)

.ARM            0x0000000008001968        0x0
                0x0000000008001968                . = ALIGN (0x4)
                0x0000000008001968                __exidx_start = .
 *(.ARM.exidx*)
                0x0000000008001968                __exidx_end = .
                0x0000000008001968                . = ALIGN (0x4)

.preinit_array  0x0000000008001968        0x0
                0x0000000008001968                . = ALIGN (0x4)
                0x0000000008001968                PROVIDE (__preinit_array_start = .)
 *(.preinit_array*)
                0x0000000008001968                PROVIDE (__preinit_array_end = .)
                0x0000000008001968                . = ALIGN (0x4)

.init_array     0x0000000008001968        0x4
                0x0000000008001968                . = ALIGN (0x4)
                0x0000000008001968                PROVIDE (__init_array_start = .)
 *(SORT_BY_NAME(.init_array.*))
 *(.init_array*)
 .init_array    0x0000000008001968        0x4 c:/st/stm32cubeide_1.1.0/stm32cubeide/plugins/com.st.stm32cube.ide.mcu.externaltools.gnu-tools-for-stm32.7-2018-q2-update.win32_1.0.0.201904181610/tools/bin/../lib/gcc/arm-none-eabi/7.3.1/thumb/v7e-m/fpv4-sp/hard/crtbegin.o
                0x000000000800196c                PROVIDE (__init_array_end = .)
                0x000000000800196c                . = ALIGN (0x4)

.fini_array     0x000000000800196c        0x4
                0x000000000800196c                . = ALIGN (0x4)
                [!provide]                        PROVIDE (__fini_array_start = .)
 *(SORT_BY_NAME(.fini_array.*))
 *(.fini_array*)
 .fini_array    0x000000000800196c        0x4 c:/st/stm32cubeide_1.1.0/stm32cubeide/plugins/com.st.stm32cube.ide.mcu.externaltools.gnu-tools-for-stm32.7-2018-q2-update.win32_1.0.0.201904181610/tools/bin/../lib/gcc/arm-none-eabi/7.3.1/thumb/v7e-m/fpv4-sp/hard/crtbegin.o
                [!provide]                        PROVIDE (__fini_array_end = .)
                0x0000000008001970                . = ALIGN (0x4)
                0x0000000008001970                _sidata = LOADADDR (.data)

.data           0x0000000020000000       0x68 load address 0x0000000008001970
                0x0000000020000000                . = ALIGN (0x4)
                0x0000000020000000                _sdata = .
 *(.data)
 *(.data*)
 .data.uwTickFreq
                0x0000000020000000        0x1 Drivers/STM32F4xx_HAL_Driver/Src/stm32f4xx_hal.o
                0x0000000020000000                uwTickFreq
 *fill*         0x0000000020000001        0x3 
 .data._impure_ptr
                0x0000000020000004        0x4 c:/st/stm32cubeide_1.1.0/stm32cubeide/plugins/com.st.stm32cube.ide.mcu.externaltools.gnu-tools-for-stm32.7-2018-q2-update.win32_1.0.0.201904181610/tools/bin/../lib/gcc/arm-none-eabi/7.3.1/../../../../arm-none-eabi/lib/thumb/v7e-m/fpv4-sp/hard\libc_nano.a(lib_a-impure.o)
                0x0000000020000004                _impure_ptr
 .data.impure_data
                0x0000000020000008       0x60 c:/st/stm32cubeide_1.1.0/stm32cubeide/plugins/com.st.stm32cube.ide.mcu.externaltools.gnu-tools-for-stm32.7-2018-q2-update.win32_1.0.0.201904181610/tools/bin/../lib/gcc/arm-none-eabi/7.3.1/../../../../arm-none-eabi/lib/thumb/v7e-m/fpv4-sp/hard\libc_nano.a(lib_a-impure.o)
                0x0000000020000068                . = ALIGN (0x4)
                0x0000000020000068                _edata = .

.igot.plt       0x0000000020000068        0x0 load address 0x00000000080019d8
 .igot.plt      0x0000000020000068        0x0 c:/st/stm32cubeide_1.1.0/stm32cubeide/plugins/com.st.stm32cube.ide.mcu.externaltools.gnu-tools-for-stm32.7-2018-q2-update.win32_1.0.0.201904181610/tools/bin/../lib/gcc/arm-none-eabi/7.3.1/thumb/v7e-m/fpv4-sp/hard/crtbegin.o
                0x0000000020000068                . = ALIGN (0x4)

.bss            0x0000000020000068      0x274 load address 0x00000000080019d8
                0x0000000020000068                _sbss = .
                0x0000000020000068                __bss_start__ = _sbss
 *(.bss)
 .bss           0x0000000020000068       0x1c c:/st/stm32cubeide_1.1.0/stm32cubeide/plugins/com.st.stm32cube.ide.mcu.externaltools.gnu-tools-for-stm32.7-2018-q2-update.win32_1.0.0.201904181610/tools/bin/../lib/gcc/arm-none-eabi/7.3.1/thumb/v7e-m/fpv4-sp/hard/crtbegin.o
 *(.bss*)
 .bss.i.8938    0x0000000020000084        0x4 Core/Src/main.o
 .bss.j.8939    0x0000000020000088        0x4 Core/Src/main.o
 .bss.heap_end.6424
                0x000000002000008c        0x4 Core/Src/sysmem.o
 .bss.bootloader_rx_buffer
                0x0000000020000090        0xa sp_drivers/src/sp_stm32_bootloader.o
                0x0000000020000090                bootloader_rx_buffer
 *fill*         0x000000002000009a        0x2 
 .bss.sd_data   0x000000002000009c      0x200 sp_drivers/src/sp_stm32_bootloader.o
                0x000000002000009c                sd_data
 .bss.__malloc_free_list
                0x000000002000029c        0x4 c:/st/stm32cubeide_1.1.0/stm32cubeide/plugins/com.st.stm32cube.ide.mcu.externaltools.gnu-tools-for-stm32.7-2018-q2-update.win32_1.0.0.201904181610/tools/bin/../lib/gcc/arm-none-eabi/7.3.1/../../../../arm-none-eabi/lib/thumb/v7e-m/fpv4-sp/hard\libc_nano.a(lib_a-nano-mallocr.o)
                0x000000002000029c                __malloc_free_list
 .bss.__malloc_sbrk_start
                0x00000000200002a0        0x4 c:/st/stm32cubeide_1.1.0/stm32cubeide/plugins/com.st.stm32cube.ide.mcu.externaltools.gnu-tools-for-stm32.7-2018-q2-update.win32_1.0.0.201904181610/tools/bin/../lib/gcc/arm-none-eabi/7.3.1/../../../../arm-none-eabi/lib/thumb/v7e-m/fpv4-sp/hard\libc_nano.a(lib_a-nano-mallocr.o)
                0x00000000200002a0                __malloc_sbrk_start
 *(COMMON)
 COMMON         0x00000000200002a4        0x4 Drivers/STM32F4xx_HAL_Driver/Src/stm32f4xx_hal.o
                0x00000000200002a4                uwTick
 COMMON         0x00000000200002a8       0x2d sp_drivers/src/sp_stm32_sd.o
                0x00000000200002a8                spi_rx_buffer
 *fill*         0x00000000200002d5        0x3 
 COMMON         0x00000000200002d8        0x4 c:/st/stm32cubeide_1.1.0/stm32cubeide/plugins/com.st.stm32cube.ide.mcu.externaltools.gnu-tools-for-stm32.7-2018-q2-update.win32_1.0.0.201904181610/tools/bin/../lib/gcc/arm-none-eabi/7.3.1/../../../../arm-none-eabi/lib/thumb/v7e-m/fpv4-sp/hard\libc_nano.a(lib_a-reent.o)
                0x00000000200002d8                errno
                0x00000000200002dc                . = ALIGN (0x4)
                0x00000000200002dc                _ebss = .
                0x00000000200002dc                __bss_end__ = _ebss

._user_heap_stack
                0x00000000200002dc      0x604 load address 0x00000000080019d8
                0x00000000200002e0                . = ALIGN (0x8)
 *fill*         0x00000000200002dc        0x4 
                0x00000000200002e0                PROVIDE (end = .)
                [!provide]                        PROVIDE (_end = .)
                0x00000000200004e0                . = (. + _Min_Heap_Size)
 *fill*         0x00000000200002e0      0x200 
                0x00000000200008e0                . = (. + _Min_Stack_Size)
 *fill*         0x00000000200004e0      0x400 
                0x00000000200008e0                . = ALIGN (0x8)

/DISCARD/
 libc.a(*)
 libm.a(*)
 libgcc.a(*)

.ARM.attributes
                0x0000000000000000       0x30
 *(.ARM.attributes)
 .ARM.attributes
                0x0000000000000000       0x22 c:/st/stm32cubeide_1.1.0/stm32cubeide/plugins/com.st.stm32cube.ide.mcu.externaltools.gnu-tools-for-stm32.7-2018-q2-update.win32_1.0.0.201904181610/tools/bin/../lib/gcc/arm-none-eabi/7.3.1/thumb/v7e-m/fpv4-sp/hard/crti.o
 .ARM.attributes
                0x0000000000000022       0x34 c:/st/stm32cubeide_1.1.0/stm32cubeide/plugins/com.st.stm32cube.ide.mcu.externaltools.gnu-tools-for-stm32.7-2018-q2-update.win32_1.0.0.201904181610/tools/bin/../lib/gcc/arm-none-eabi/7.3.1/thumb/v7e-m/fpv4-sp/hard/crtbegin.o
 .ARM.attributes
                0x0000000000000056       0x39 Core/Src/main.o
 .ARM.attributes
                0x000000000000008f       0x39 Core/Src/stm32f4xx_it.o
 .ARM.attributes
                0x00000000000000c8       0x39 Core/Src/sysmem.o
 .ARM.attributes
                0x0000000000000101       0x39 Core/Src/system_stm32f4xx.o
 .ARM.attributes
                0x000000000000013a       0x21 Core/Startup/startup_stm32f446retx.o
 .ARM.attributes
                0x000000000000015b       0x39 Drivers/STM32F4xx_HAL_Driver/Src/stm32f4xx_hal.o
 .ARM.attributes
                0x0000000000000194       0x39 sp_drivers/src/sp_stm32_bootloader.o
 .ARM.attributes
                0x00000000000001cd       0x39 sp_drivers/src/sp_stm32_flash.o
 .ARM.attributes
                0x0000000000000206       0x39 sp_drivers/src/sp_stm32_gpio.o
 .ARM.attributes
                0x000000000000023f       0x39 sp_drivers/src/sp_stm32_sd.o
 .ARM.attributes
                0x0000000000000278       0x39 sp_drivers/src/sp_stm32_spi.o
 .ARM.attributes
                0x00000000000002b1       0x39 sp_drivers/src/sp_stm32_uart.o
 .ARM.attributes
                0x00000000000002ea       0x34 c:/st/stm32cubeide_1.1.0/stm32cubeide/plugins/com.st.stm32cube.ide.mcu.externaltools.gnu-tools-for-stm32.7-2018-q2-update.win32_1.0.0.201904181610/tools/bin/../lib/gcc/arm-none-eabi/7.3.1/../../../../arm-none-eabi/lib/thumb/v7e-m/fpv4-sp/hard\libc_nano.a(lib_a-errno.o)
 .ARM.attributes
                0x000000000000031e       0x34 c:/st/stm32cubeide_1.1.0/stm32cubeide/plugins/com.st.stm32cube.ide.mcu.externaltools.gnu-tools-for-stm32.7-2018-q2-update.win32_1.0.0.201904181610/tools/bin/../lib/gcc/arm-none-eabi/7.3.1/../../../../arm-none-eabi/lib/thumb/v7e-m/fpv4-sp/hard\libc_nano.a(lib_a-impure.o)
 .ARM.attributes
                0x0000000000000352       0x34 c:/st/stm32cubeide_1.1.0/stm32cubeide/plugins/com.st.stm32cube.ide.mcu.externaltools.gnu-tools-for-stm32.7-2018-q2-update.win32_1.0.0.201904181610/tools/bin/../lib/gcc/arm-none-eabi/7.3.1/../../../../arm-none-eabi/lib/thumb/v7e-m/fpv4-sp/hard\libc_nano.a(lib_a-init.o)
 .ARM.attributes
                0x0000000000000386       0x34 c:/st/stm32cubeide_1.1.0/stm32cubeide/plugins/com.st.stm32cube.ide.mcu.externaltools.gnu-tools-for-stm32.7-2018-q2-update.win32_1.0.0.201904181610/tools/bin/../lib/gcc/arm-none-eabi/7.3.1/../../../../arm-none-eabi/lib/thumb/v7e-m/fpv4-sp/hard\libc_nano.a(lib_a-vsprintf.o)
 .ARM.attributes
                0x00000000000003ba       0x34 c:/st/stm32cubeide_1.1.0/stm32cubeide/plugins/com.st.stm32cube.ide.mcu.externaltools.gnu-tools-for-stm32.7-2018-q2-update.win32_1.0.0.201904181610/tools/bin/../lib/gcc/arm-none-eabi/7.3.1/../../../../arm-none-eabi/lib/thumb/v7e-m/fpv4-sp/hard\libc_nano.a(lib_a-nano-svfprintf.o)
 .ARM.attributes
                0x00000000000003ee       0x34 c:/st/stm32cubeide_1.1.0/stm32cubeide/plugins/com.st.stm32cube.ide.mcu.externaltools.gnu-tools-for-stm32.7-2018-q2-update.win32_1.0.0.201904181610/tools/bin/../lib/gcc/arm-none-eabi/7.3.1/../../../../arm-none-eabi/lib/thumb/v7e-m/fpv4-sp/hard\libc_nano.a(lib_a-nano-vfprintf_i.o)
 .ARM.attributes
                0x0000000000000422       0x20 c:/st/stm32cubeide_1.1.0/stm32cubeide/plugins/com.st.stm32cube.ide.mcu.externaltools.gnu-tools-for-stm32.7-2018-q2-update.win32_1.0.0.201904181610/tools/bin/../lib/gcc/arm-none-eabi/7.3.1/../../../../arm-none-eabi/lib/thumb/v7e-m/fpv4-sp/hard\libc_nano.a(lib_a-memchr.o)
 .ARM.attributes
                0x0000000000000442       0x34 c:/st/stm32cubeide_1.1.0/stm32cubeide/plugins/com.st.stm32cube.ide.mcu.externaltools.gnu-tools-for-stm32.7-2018-q2-update.win32_1.0.0.201904181610/tools/bin/../lib/gcc/arm-none-eabi/7.3.1/../../../../arm-none-eabi/lib/thumb/v7e-m/fpv4-sp/hard\libc_nano.a(lib_a-memcpy-stub.o)
 .ARM.attributes
                0x0000000000000476       0x34 c:/st/stm32cubeide_1.1.0/stm32cubeide/plugins/com.st.stm32cube.ide.mcu.externaltools.gnu-tools-for-stm32.7-2018-q2-update.win32_1.0.0.201904181610/tools/bin/../lib/gcc/arm-none-eabi/7.3.1/../../../../arm-none-eabi/lib/thumb/v7e-m/fpv4-sp/hard\libc_nano.a(lib_a-memmove.o)
 .ARM.attributes
                0x00000000000004aa       0x34 c:/st/stm32cubeide_1.1.0/stm32cubeide/plugins/com.st.stm32cube.ide.mcu.externaltools.gnu-tools-for-stm32.7-2018-q2-update.win32_1.0.0.201904181610/tools/bin/../lib/gcc/arm-none-eabi/7.3.1/../../../../arm-none-eabi/lib/thumb/v7e-m/fpv4-sp/hard\libc_nano.a(lib_a-nano-freer.o)
 .ARM.attributes
                0x00000000000004de       0x34 c:/st/stm32cubeide_1.1.0/stm32cubeide/plugins/com.st.stm32cube.ide.mcu.externaltools.gnu-tools-for-stm32.7-2018-q2-update.win32_1.0.0.201904181610/tools/bin/../lib/gcc/arm-none-eabi/7.3.1/../../../../arm-none-eabi/lib/thumb/v7e-m/fpv4-sp/hard\libc_nano.a(lib_a-nano-mallocr.o)
 .ARM.attributes
                0x0000000000000512       0x34 c:/st/stm32cubeide_1.1.0/stm32cubeide/plugins/com.st.stm32cube.ide.mcu.externaltools.gnu-tools-for-stm32.7-2018-q2-update.win32_1.0.0.201904181610/tools/bin/../lib/gcc/arm-none-eabi/7.3.1/../../../../arm-none-eabi/lib/thumb/v7e-m/fpv4-sp/hard\libc_nano.a(lib_a-nano-reallocr.o)
 .ARM.attributes
                0x0000000000000546       0x34 c:/st/stm32cubeide_1.1.0/stm32cubeide/plugins/com.st.stm32cube.ide.mcu.externaltools.gnu-tools-for-stm32.7-2018-q2-update.win32_1.0.0.201904181610/tools/bin/../lib/gcc/arm-none-eabi/7.3.1/../../../../arm-none-eabi/lib/thumb/v7e-m/fpv4-sp/hard\libc_nano.a(lib_a-sbrkr.o)
 .ARM.attributes
                0x000000000000057a       0x34 c:/st/stm32cubeide_1.1.0/stm32cubeide/plugins/com.st.stm32cube.ide.mcu.externaltools.gnu-tools-for-stm32.7-2018-q2-update.win32_1.0.0.201904181610/tools/bin/../lib/gcc/arm-none-eabi/7.3.1/../../../../arm-none-eabi/lib/thumb/v7e-m/fpv4-sp/hard\libc_nano.a(lib_a-mlock.o)
 .ARM.attributes
                0x00000000000005ae       0x34 c:/st/stm32cubeide_1.1.0/stm32cubeide/plugins/com.st.stm32cube.ide.mcu.externaltools.gnu-tools-for-stm32.7-2018-q2-update.win32_1.0.0.201904181610/tools/bin/../lib/gcc/arm-none-eabi/7.3.1/../../../../arm-none-eabi/lib/thumb/v7e-m/fpv4-sp/hard\libc_nano.a(lib_a-nano-msizer.o)
 .ARM.attributes
                0x00000000000005e2       0x34 c:/st/stm32cubeide_1.1.0/stm32cubeide/plugins/com.st.stm32cube.ide.mcu.externaltools.gnu-tools-for-stm32.7-2018-q2-update.win32_1.0.0.201904181610/tools/bin/../lib/gcc/arm-none-eabi/7.3.1/../../../../arm-none-eabi/lib/thumb/v7e-m/fpv4-sp/hard\libc_nano.a(lib_a-reent.o)
 .ARM.attributes
                0x0000000000000616       0x22 c:/st/stm32cubeide_1.1.0/stm32cubeide/plugins/com.st.stm32cube.ide.mcu.externaltools.gnu-tools-for-stm32.7-2018-q2-update.win32_1.0.0.201904181610/tools/bin/../lib/gcc/arm-none-eabi/7.3.1/thumb/v7e-m/fpv4-sp/hard/crtn.o
OUTPUT(Bootloader_SD.elf elf32-littlearm)

.debug_info     0x0000000000000000     0x7d69
 .debug_info    0x0000000000000000     0x107c Core/Src/main.o
 .debug_info    0x000000000000107c      0xa1c Core/Src/stm32f4xx_it.o
 .debug_info    0x0000000000001a98      0x91c Core/Src/sysmem.o
 .debug_info    0x00000000000023b4      0x588 Core/Src/system_stm32f4xx.o
 .debug_info    0x000000000000293c       0x22 Core/Startup/startup_stm32f446retx.o
 .debug_info    0x000000000000295e      0x997 Drivers/STM32F4xx_HAL_Driver/Src/stm32f4xx_hal.o
 .debug_info    0x00000000000032f5      0xcae sp_drivers/src/sp_stm32_bootloader.o
 .debug_info    0x0000000000003fa3      0xb2c sp_drivers/src/sp_stm32_flash.o
 .debug_info    0x0000000000004acf      0xc4b sp_drivers/src/sp_stm32_gpio.o
 .debug_info    0x000000000000571a      0xd38 sp_drivers/src/sp_stm32_sd.o
 .debug_info    0x0000000000006452      0xd22 sp_drivers/src/sp_stm32_spi.o
 .debug_info    0x0000000000007174      0xbf5 sp_drivers/src/sp_stm32_uart.o

.debug_abbrev   0x0000000000000000     0x1531
 .debug_abbrev  0x0000000000000000      0x229 Core/Src/main.o
 .debug_abbrev  0x0000000000000229      0x1ad Core/Src/stm32f4xx_it.o
 .debug_abbrev  0x00000000000003d6      0x1bb Core/Src/sysmem.o
 .debug_abbrev  0x0000000000000591      0x12b Core/Src/system_stm32f4xx.o
 .debug_abbrev  0x00000000000006bc       0x12 Core/Startup/startup_stm32f446retx.o
 .debug_abbrev  0x00000000000006ce      0x1c7 Drivers/STM32F4xx_HAL_Driver/Src/stm32f4xx_hal.o
 .debug_abbrev  0x0000000000000895      0x24f sp_drivers/src/sp_stm32_bootloader.o
 .debug_abbrev  0x0000000000000ae4      0x1da sp_drivers/src/sp_stm32_flash.o
 .debug_abbrev  0x0000000000000cbe      0x1f0 sp_drivers/src/sp_stm32_gpio.o
 .debug_abbrev  0x0000000000000eae      0x23b sp_drivers/src/sp_stm32_sd.o
 .debug_abbrev  0x00000000000010e9      0x21b sp_drivers/src/sp_stm32_spi.o
 .debug_abbrev  0x0000000000001304      0x22d sp_drivers/src/sp_stm32_uart.o

.debug_aranges  0x0000000000000000      0x3a8
 .debug_aranges
                0x0000000000000000       0x48 Core/Src/main.o
 .debug_aranges
                0x0000000000000048       0x60 Core/Src/stm32f4xx_it.o
 .debug_aranges
                0x00000000000000a8       0x20 Core/Src/sysmem.o
 .debug_aranges
                0x00000000000000c8       0x28 Core/Src/system_stm32f4xx.o
 .debug_aranges
                0x00000000000000f0       0x28 Core/Startup/startup_stm32f446retx.o
 .debug_aranges
                0x0000000000000118       0xf0 Drivers/STM32F4xx_HAL_Driver/Src/stm32f4xx_hal.o
 .debug_aranges
                0x0000000000000208       0x48 sp_drivers/src/sp_stm32_bootloader.o
 .debug_aranges
                0x0000000000000250       0x28 sp_drivers/src/sp_stm32_flash.o
 .debug_aranges
                0x0000000000000278       0x48 sp_drivers/src/sp_stm32_gpio.o
 .debug_aranges
                0x00000000000002c0       0x48 sp_drivers/src/sp_stm32_sd.o
 .debug_aranges
                0x0000000000000308       0x58 sp_drivers/src/sp_stm32_spi.o
 .debug_aranges
                0x0000000000000360       0x48 sp_drivers/src/sp_stm32_uart.o

.debug_ranges   0x0000000000000000      0x2f0
 .debug_ranges  0x0000000000000000       0x38 Core/Src/main.o
 .debug_ranges  0x0000000000000038       0x50 Core/Src/stm32f4xx_it.o
 .debug_ranges  0x0000000000000088       0x10 Core/Src/sysmem.o
 .debug_ranges  0x0000000000000098       0x18 Core/Src/system_stm32f4xx.o
 .debug_ranges  0x00000000000000b0       0x20 Core/Startup/startup_stm32f446retx.o
 .debug_ranges  0x00000000000000d0       0xe0 Drivers/STM32F4xx_HAL_Driver/Src/stm32f4xx_hal.o
 .debug_ranges  0x00000000000001b0       0x38 sp_drivers/src/sp_stm32_bootloader.o
 .debug_ranges  0x00000000000001e8       0x18 sp_drivers/src/sp_stm32_flash.o
 .debug_ranges  0x0000000000000200       0x38 sp_drivers/src/sp_stm32_gpio.o
 .debug_ranges  0x0000000000000238       0x38 sp_drivers/src/sp_stm32_sd.o
 .debug_ranges  0x0000000000000270       0x48 sp_drivers/src/sp_stm32_spi.o
 .debug_ranges  0x00000000000002b8       0x38 sp_drivers/src/sp_stm32_uart.o

.debug_macro    0x0000000000000000    0x21c9d
 .debug_macro   0x0000000000000000      0x3b4 Core/Src/main.o
 .debug_macro   0x00000000000003b4      0xa5a Core/Src/main.o
 .debug_macro   0x0000000000000e0e      0x17e Core/Src/main.o
 .debug_macro   0x0000000000000f8c       0x32 Core/Src/main.o
 .debug_macro   0x0000000000000fbe       0x28 Core/Src/main.o
 .debug_macro   0x0000000000000fe6       0x22 Core/Src/main.o
 .debug_macro   0x0000000000001008       0x8e Core/Src/main.o
 .debug_macro   0x0000000000001096       0x51 Core/Src/main.o
 .debug_macro   0x00000000000010e7       0xef Core/Src/main.o
 .debug_macro   0x00000000000011d6       0x6a Core/Src/main.o
 .debug_macro   0x0000000000001240      0x1df Core/Src/main.o
 .debug_macro   0x000000000000141f       0x1c Core/Src/main.o
 .debug_macro   0x000000000000143b       0x22 Core/Src/main.o
 .debug_macro   0x000000000000145d       0xdf Core/Src/main.o
 .debug_macro   0x000000000000153c     0x102d Core/Src/main.o
 .debug_macro   0x0000000000002569      0x11f Core/Src/main.o
 .debug_macro   0x0000000000002688    0x1672d Core/Src/main.o
 .debug_macro   0x0000000000018db5       0x43 Core/Src/main.o
 .debug_macro   0x0000000000018df8     0x3652 Core/Src/main.o
 .debug_macro   0x000000000001c44a      0x174 Core/Src/main.o
 .debug_macro   0x000000000001c5be       0x5a Core/Src/main.o
 .debug_macro   0x000000000001c618      0xc90 Core/Src/main.o
 .debug_macro   0x000000000001d2a8      0x9fe Core/Src/main.o
 .debug_macro   0x000000000001dca6      0x16d Core/Src/main.o
 .debug_macro   0x000000000001de13      0x117 Core/Src/main.o
 .debug_macro   0x000000000001df2a      0x1a0 Core/Src/main.o
 .debug_macro   0x000000000001e0ca       0x27 Core/Src/main.o
 .debug_macro   0x000000000001e0f1      0x287 Core/Src/main.o
 .debug_macro   0x000000000001e378       0x5f Core/Src/main.o
 .debug_macro   0x000000000001e3d7      0x236 Core/Src/main.o
 .debug_macro   0x000000000001e60d      0x132 Core/Src/main.o
 .debug_macro   0x000000000001e73f      0x29c Core/Src/main.o
 .debug_macro   0x000000000001e9db       0x2e Core/Src/main.o
 .debug_macro   0x000000000001ea09      0x11a Core/Src/main.o
 .debug_macro   0x000000000001eb23       0xe8 Core/Src/main.o
 .debug_macro   0x000000000001ec0b       0x89 Core/Src/main.o
 .debug_macro   0x000000000001ec94      0x126 Core/Src/main.o
 .debug_macro   0x000000000001edba       0x46 Core/Src/main.o
 .debug_macro   0x000000000001ee00       0x18 Core/Src/main.o
 .debug_macro   0x000000000001ee18       0x3c Core/Src/main.o
 .debug_macro   0x000000000001ee54       0x34 Core/Src/main.o
 .debug_macro   0x000000000001ee88       0x16 Core/Src/main.o
 .debug_macro   0x000000000001ee9e       0x35 Core/Src/main.o
 .debug_macro   0x000000000001eed3      0x32a Core/Src/main.o
 .debug_macro   0x000000000001f1fd       0x10 Core/Src/main.o
 .debug_macro   0x000000000001f20d       0x52 Core/Src/main.o
 .debug_macro   0x000000000001f25f       0x1f Core/Src/main.o
 .debug_macro   0x000000000001f27e       0x43 Core/Src/main.o
 .debug_macro   0x000000000001f2c1       0x20 Core/Src/main.o
 .debug_macro   0x000000000001f2e1      0x1a3 Core/Src/main.o
 .debug_macro   0x000000000001f484       0x10 Core/Src/main.o
 .debug_macro   0x000000000001f494       0x1c Core/Src/main.o
 .debug_macro   0x000000000001f4b0       0x52 Core/Src/main.o
 .debug_macro   0x000000000001f502       0x40 Core/Src/main.o
 .debug_macro   0x000000000001f542       0x10 Core/Src/main.o
 .debug_macro   0x000000000001f552       0x40 Core/Src/main.o
 .debug_macro   0x000000000001f592       0xd7 Core/Src/main.o
 .debug_macro   0x000000000001f669       0x1c Core/Src/main.o
 .debug_macro   0x000000000001f685       0x3d Core/Src/main.o
 .debug_macro   0x000000000001f6c2       0x16 Core/Src/main.o
 .debug_macro   0x000000000001f6d8      0x145 Core/Src/main.o
 .debug_macro   0x000000000001f81d       0x88 Core/Src/main.o
 .debug_macro   0x000000000001f8a5       0x7c Core/Src/main.o
 .debug_macro   0x000000000001f921       0x1c Core/Src/main.o
 .debug_macro   0x000000000001f93d       0x4c Core/Src/main.o
 .debug_macro   0x000000000001f989       0x16 Core/Src/main.o
 .debug_macro   0x000000000001f99f       0x20 Core/Src/main.o
 .debug_macro   0x000000000001f9bf       0x7c Core/Src/main.o
 .debug_macro   0x000000000001fa3b       0x28 Core/Src/main.o
 .debug_macro   0x000000000001fa63       0x1c Core/Src/main.o
 .debug_macro   0x000000000001fa7f       0x1c Core/Src/main.o
 .debug_macro   0x000000000001fa9b       0x16 Core/Src/main.o
 .debug_macro   0x000000000001fab1       0x70 Core/Src/main.o
 .debug_macro   0x000000000001fb21      0x3be Core/Src/stm32f4xx_it.o
 .debug_macro   0x000000000001fedf      0x1ae Core/Src/sysmem.o
 .debug_macro   0x000000000002008d      0x23b Core/Src/sysmem.o
 .debug_macro   0x00000000000202c8      0x1b6 Core/Src/system_stm32f4xx.o
 .debug_macro   0x000000000002047e      0x210 Drivers/STM32F4xx_HAL_Driver/Src/stm32f4xx_hal.o
 .debug_macro   0x000000000002068e      0x3c4 sp_drivers/src/sp_stm32_bootloader.o
 .debug_macro   0x0000000000020a52       0x76 sp_drivers/src/sp_stm32_bootloader.o
 .debug_macro   0x0000000000020ac8       0x22 sp_drivers/src/sp_stm32_bootloader.o
 .debug_macro   0x0000000000020aea      0x3be sp_drivers/src/sp_stm32_flash.o
 .debug_macro   0x0000000000020ea8      0x315 sp_drivers/src/sp_stm32_gpio.o
 .debug_macro   0x00000000000211bd      0x3b8 sp_drivers/src/sp_stm32_sd.o
 .debug_macro   0x0000000000021575      0x3c4 sp_drivers/src/sp_stm32_spi.o
 .debug_macro   0x0000000000021939       0x16 sp_drivers/src/sp_stm32_spi.o
 .debug_macro   0x000000000002194f      0x34e sp_drivers/src/sp_stm32_uart.o

.debug_line     0x0000000000000000     0x6440
 .debug_line    0x0000000000000000      0x9fd Core/Src/main.o
 .debug_line    0x00000000000009fd      0xa1c Core/Src/stm32f4xx_it.o
 .debug_line    0x0000000000001419      0x55e Core/Src/sysmem.o
 .debug_line    0x0000000000001977      0x693 Core/Src/system_stm32f4xx.o
 .debug_line    0x000000000000200a       0x86 Core/Startup/startup_stm32f446retx.o
 .debug_line    0x0000000000002090      0x87d Drivers/STM32F4xx_HAL_Driver/Src/stm32f4xx_hal.o
 .debug_line    0x000000000000290d      0xa3a sp_drivers/src/sp_stm32_bootloader.o
 .debug_line    0x0000000000003347      0x9b8 sp_drivers/src/sp_stm32_flash.o
 .debug_line    0x0000000000003cff      0x910 sp_drivers/src/sp_stm32_gpio.o
 .debug_line    0x000000000000460f      0xa5d sp_drivers/src/sp_stm32_sd.o
 .debug_line    0x000000000000506c      0xa5e sp_drivers/src/sp_stm32_spi.o
 .debug_line    0x0000000000005aca      0x976 sp_drivers/src/sp_stm32_uart.o

.debug_str      0x0000000000000000    0xc5b20
 .debug_str     0x0000000000000000    0xc43cf Core/Src/main.o
                                      0xc470b (size before relaxing)
 .debug_str     0x00000000000c43cf       0xbd Core/Src/stm32f4xx_it.o
                                      0xc40fe (size before relaxing)
 .debug_str     0x00000000000c448c      0x4d1 Core/Src/sysmem.o
                                       0x7b08 (size before relaxing)
 .debug_str     0x00000000000c495d       0xc4 Core/Src/system_stm32f4xx.o
                                      0xbf63a (size before relaxing)
 .debug_str     0x00000000000c4a21       0x36 Core/Startup/startup_stm32f446retx.o
                                         0x8a (size before relaxing)
 .debug_str     0x00000000000c4a57      0xac8 Drivers/STM32F4xx_HAL_Driver/Src/stm32f4xx_hal.o
                                      0xc0148 (size before relaxing)
 .debug_str     0x00000000000c551f      0x204 sp_drivers/src/sp_stm32_bootloader.o
                                      0xc4261 (size before relaxing)
 .debug_str     0x00000000000c5723       0x97 sp_drivers/src/sp_stm32_flash.o
                                      0xc41a9 (size before relaxing)
 .debug_str     0x00000000000c57ba       0xbb sp_drivers/src/sp_stm32_gpio.o
                                      0xc36fe (size before relaxing)
 .debug_str     0x00000000000c5875       0xc7 sp_drivers/src/sp_stm32_sd.o
                                      0xc4196 (size before relaxing)
 .debug_str     0x00000000000c593c      0x157 sp_drivers/src/sp_stm32_spi.o
                                      0xc4303 (size before relaxing)
 .debug_str     0x00000000000c5a93       0x8d sp_drivers/src/sp_stm32_uart.o
                                      0xc39d5 (size before relaxing)

.comment        0x0000000000000000       0x7b
 .comment       0x0000000000000000       0x7b Core/Src/main.o
                                         0x7c (size before relaxing)
 .comment       0x000000000000007b       0x7c Core/Src/stm32f4xx_it.o
 .comment       0x000000000000007b       0x7c Core/Src/sysmem.o
 .comment       0x000000000000007b       0x7c Core/Src/system_stm32f4xx.o
 .comment       0x000000000000007b       0x7c Drivers/STM32F4xx_HAL_Driver/Src/stm32f4xx_hal.o
 .comment       0x000000000000007b       0x7c sp_drivers/src/sp_stm32_bootloader.o
 .comment       0x000000000000007b       0x7c sp_drivers/src/sp_stm32_flash.o
 .comment       0x000000000000007b       0x7c sp_drivers/src/sp_stm32_gpio.o
 .comment       0x000000000000007b       0x7c sp_drivers/src/sp_stm32_sd.o
 .comment       0x000000000000007b       0x7c sp_drivers/src/sp_stm32_spi.o
 .comment       0x000000000000007b       0x7c sp_drivers/src/sp_stm32_uart.o

.debug_frame    0x0000000000000000      0xea0
 .debug_frame   0x0000000000000000       0xd8 Core/Src/main.o
 .debug_frame   0x00000000000000d8      0x10c Core/Src/stm32f4xx_it.o
 .debug_frame   0x00000000000001e4       0x34 Core/Src/sysmem.o
 .debug_frame   0x0000000000000218       0x58 Core/Src/system_stm32f4xx.o
 .debug_frame   0x0000000000000270      0x374 Drivers/STM32F4xx_HAL_Driver/Src/stm32f4xx_hal.o
 .debug_frame   0x00000000000005e4       0xe4 sp_drivers/src/sp_stm32_bootloader.o
 .debug_frame   0x00000000000006c8       0x60 sp_drivers/src/sp_stm32_flash.o
 .debug_frame   0x0000000000000728      0x100 sp_drivers/src/sp_stm32_gpio.o
 .debug_frame   0x0000000000000828       0xe8 sp_drivers/src/sp_stm32_sd.o
 .debug_frame   0x0000000000000910      0x140 sp_drivers/src/sp_stm32_spi.o
 .debug_frame   0x0000000000000a50      0x110 sp_drivers/src/sp_stm32_uart.o
 .debug_frame   0x0000000000000b60       0x20 c:/st/stm32cubeide_1.1.0/stm32cubeide/plugins/com.st.stm32cube.ide.mcu.externaltools.gnu-tools-for-stm32.7-2018-q2-update.win32_1.0.0.201904181610/tools/bin/../lib/gcc/arm-none-eabi/7.3.1/../../../../arm-none-eabi/lib/thumb/v7e-m/fpv4-sp/hard\libc_nano.a(lib_a-errno.o)
 .debug_frame   0x0000000000000b80       0x2c c:/st/stm32cubeide_1.1.0/stm32cubeide/plugins/com.st.stm32cube.ide.mcu.externaltools.gnu-tools-for-stm32.7-2018-q2-update.win32_1.0.0.201904181610/tools/bin/../lib/gcc/arm-none-eabi/7.3.1/../../../../arm-none-eabi/lib/thumb/v7e-m/fpv4-sp/hard\libc_nano.a(lib_a-init.o)
 .debug_frame   0x0000000000000bac       0x3c c:/st/stm32cubeide_1.1.0/stm32cubeide/plugins/com.st.stm32cube.ide.mcu.externaltools.gnu-tools-for-stm32.7-2018-q2-update.win32_1.0.0.201904181610/tools/bin/../lib/gcc/arm-none-eabi/7.3.1/../../../../arm-none-eabi/lib/thumb/v7e-m/fpv4-sp/hard\libc_nano.a(lib_a-vsprintf.o)
 .debug_frame   0x0000000000000be8       0x90 c:/st/stm32cubeide_1.1.0/stm32cubeide/plugins/com.st.stm32cube.ide.mcu.externaltools.gnu-tools-for-stm32.7-2018-q2-update.win32_1.0.0.201904181610/tools/bin/../lib/gcc/arm-none-eabi/7.3.1/../../../../arm-none-eabi/lib/thumb/v7e-m/fpv4-sp/hard\libc_nano.a(lib_a-nano-svfprintf.o)
 .debug_frame   0x0000000000000c78       0x60 c:/st/stm32cubeide_1.1.0/stm32cubeide/plugins/com.st.stm32cube.ide.mcu.externaltools.gnu-tools-for-stm32.7-2018-q2-update.win32_1.0.0.201904181610/tools/bin/../lib/gcc/arm-none-eabi/7.3.1/../../../../arm-none-eabi/lib/thumb/v7e-m/fpv4-sp/hard\libc_nano.a(lib_a-nano-vfprintf_i.o)
 .debug_frame   0x0000000000000cd8       0x28 c:/st/stm32cubeide_1.1.0/stm32cubeide/plugins/com.st.stm32cube.ide.mcu.externaltools.gnu-tools-for-stm32.7-2018-q2-update.win32_1.0.0.201904181610/tools/bin/../lib/gcc/arm-none-eabi/7.3.1/../../../../arm-none-eabi/lib/thumb/v7e-m/fpv4-sp/hard\libc_nano.a(lib_a-memcpy-stub.o)
 .debug_frame   0x0000000000000d00       0x28 c:/st/stm32cubeide_1.1.0/stm32cubeide/plugins/com.st.stm32cube.ide.mcu.externaltools.gnu-tools-for-stm32.7-2018-q2-update.win32_1.0.0.201904181610/tools/bin/../lib/gcc/arm-none-eabi/7.3.1/../../../../arm-none-eabi/lib/thumb/v7e-m/fpv4-sp/hard\libc_nano.a(lib_a-memmove.o)
 .debug_frame   0x0000000000000d28       0x38 c:/st/stm32cubeide_1.1.0/stm32cubeide/plugins/com.st.stm32cube.ide.mcu.externaltools.gnu-tools-for-stm32.7-2018-q2-update.win32_1.0.0.201904181610/tools/bin/../lib/gcc/arm-none-eabi/7.3.1/../../../../arm-none-eabi/lib/thumb/v7e-m/fpv4-sp/hard\libc_nano.a(lib_a-nano-freer.o)
 .debug_frame   0x0000000000000d60       0x2c c:/st/stm32cubeide_1.1.0/stm32cubeide/plugins/com.st.stm32cube.ide.mcu.externaltools.gnu-tools-for-stm32.7-2018-q2-update.win32_1.0.0.201904181610/tools/bin/../lib/gcc/arm-none-eabi/7.3.1/../../../../arm-none-eabi/lib/thumb/v7e-m/fpv4-sp/hard\libc_nano.a(lib_a-nano-mallocr.o)
 .debug_frame   0x0000000000000d8c       0x3c c:/st/stm32cubeide_1.1.0/stm32cubeide/plugins/com.st.stm32cube.ide.mcu.externaltools.gnu-tools-for-stm32.7-2018-q2-update.win32_1.0.0.201904181610/tools/bin/../lib/gcc/arm-none-eabi/7.3.1/../../../../arm-none-eabi/lib/thumb/v7e-m/fpv4-sp/hard\libc_nano.a(lib_a-nano-reallocr.o)
 .debug_frame   0x0000000000000dc8       0x2c c:/st/stm32cubeide_1.1.0/stm32cubeide/plugins/com.st.stm32cube.ide.mcu.externaltools.gnu-tools-for-stm32.7-2018-q2-update.win32_1.0.0.201904181610/tools/bin/../lib/gcc/arm-none-eabi/7.3.1/../../../../arm-none-eabi/lib/thumb/v7e-m/fpv4-sp/hard\libc_nano.a(lib_a-sbrkr.o)
 .debug_frame   0x0000000000000df4       0x30 c:/st/stm32cubeide_1.1.0/stm32cubeide/plugins/com.st.stm32cube.ide.mcu.externaltools.gnu-tools-for-stm32.7-2018-q2-update.win32_1.0.0.201904181610/tools/bin/../lib/gcc/arm-none-eabi/7.3.1/../../../../arm-none-eabi/lib/thumb/v7e-m/fpv4-sp/hard\libc_nano.a(lib_a-mlock.o)
 .debug_frame   0x0000000000000e24       0x20 c:/st/stm32cubeide_1.1.0/stm32cubeide/plugins/com.st.stm32cube.ide.mcu.externaltools.gnu-tools-for-stm32.7-2018-q2-update.win32_1.0.0.201904181610/tools/bin/../lib/gcc/arm-none-eabi/7.3.1/../../../../arm-none-eabi/lib/thumb/v7e-m/fpv4-sp/hard\libc_nano.a(lib_a-nano-msizer.o)
 .debug_frame   0x0000000000000e44       0x5c c:/st/stm32cubeide_1.1.0/stm32cubeide/plugins/com.st.stm32cube.ide.mcu.externaltools.gnu-tools-for-stm32.7-2018-q2-update.win32_1.0.0.201904181610/tools/bin/../lib/gcc/arm-none-eabi/7.3.1/../../../../arm-none-eabi/lib/thumb/v7e-m/fpv4-sp/hard\libc_nano.a(lib_a-reent.o)
