Archive member included to satisfy reference by file (symbol)

c:/st/stm32cubeide_1.1.0/stm32cubeide/plugins/com.st.stm32cube.ide.mcu.externaltools.gnu-tools-for-stm32.7-2018-q2-update.win32_1.0.0.201904181610/tools/bin/../lib/gcc/arm-none-eabi/7.3.1/../../../../arm-none-eabi/lib/thumb/v7e-m/fpv4-sp/hard\libc_nano.a(lib_a-errno.o)
                              Core/Src/syscalls.o (__errno)
c:/st/stm32cubeide_1.1.0/stm32cubeide/plugins/com.st.stm32cube.ide.mcu.externaltools.gnu-tools-for-stm32.7-2018-q2-update.win32_1.0.0.201904181610/tools/bin/../lib/gcc/arm-none-eabi/7.3.1/../../../../arm-none-eabi/lib/thumb/v7e-m/fpv4-sp/hard\libc_nano.a(lib_a-exit.o)
                              c:/st/stm32cubeide_1.1.0/stm32cubeide/plugins/com.st.stm32cube.ide.mcu.externaltools.gnu-tools-for-stm32.7-2018-q2-update.win32_1.0.0.201904181610/tools/bin/../lib/gcc/arm-none-eabi/7.3.1/../../../../arm-none-eabi/lib/thumb/v7e-m/fpv4-sp/hard/crt0.o (exit)
c:/st/stm32cubeide_1.1.0/stm32cubeide/plugins/com.st.stm32cube.ide.mcu.externaltools.gnu-tools-for-stm32.7-2018-q2-update.win32_1.0.0.201904181610/tools/bin/../lib/gcc/arm-none-eabi/7.3.1/../../../../arm-none-eabi/lib/thumb/v7e-m/fpv4-sp/hard\libc_nano.a(lib_a-impure.o)
                              c:/st/stm32cubeide_1.1.0/stm32cubeide/plugins/com.st.stm32cube.ide.mcu.externaltools.gnu-tools-for-stm32.7-2018-q2-update.win32_1.0.0.201904181610/tools/bin/../lib/gcc/arm-none-eabi/7.3.1/../../../../arm-none-eabi/lib/thumb/v7e-m/fpv4-sp/hard\libc_nano.a(lib_a-exit.o) (_global_impure_ptr)
c:/st/stm32cubeide_1.1.0/stm32cubeide/plugins/com.st.stm32cube.ide.mcu.externaltools.gnu-tools-for-stm32.7-2018-q2-update.win32_1.0.0.201904181610/tools/bin/../lib/gcc/arm-none-eabi/7.3.1/../../../../arm-none-eabi/lib/thumb/v7e-m/fpv4-sp/hard\libc_nano.a(lib_a-init.o)
                              c:/st/stm32cubeide_1.1.0/stm32cubeide/plugins/com.st.stm32cube.ide.mcu.externaltools.gnu-tools-for-stm32.7-2018-q2-update.win32_1.0.0.201904181610/tools/bin/../lib/gcc/arm-none-eabi/7.3.1/../../../../arm-none-eabi/lib/thumb/v7e-m/fpv4-sp/hard/crt0.o (__libc_init_array)
c:/st/stm32cubeide_1.1.0/stm32cubeide/plugins/com.st.stm32cube.ide.mcu.externaltools.gnu-tools-for-stm32.7-2018-q2-update.win32_1.0.0.201904181610/tools/bin/../lib/gcc/arm-none-eabi/7.3.1/../../../../arm-none-eabi/lib/thumb/v7e-m/fpv4-sp/hard\libc_nano.a(lib_a-memset.o)
                              c:/st/stm32cubeide_1.1.0/stm32cubeide/plugins/com.st.stm32cube.ide.mcu.externaltools.gnu-tools-for-stm32.7-2018-q2-update.win32_1.0.0.201904181610/tools/bin/../lib/gcc/arm-none-eabi/7.3.1/../../../../arm-none-eabi/lib/thumb/v7e-m/fpv4-sp/hard/crt0.o (memset)
c:/st/stm32cubeide_1.1.0/stm32cubeide/plugins/com.st.stm32cube.ide.mcu.externaltools.gnu-tools-for-stm32.7-2018-q2-update.win32_1.0.0.201904181610/tools/bin/../lib/gcc/arm-none-eabi/7.3.1/../../../../arm-none-eabi/lib/thumb/v7e-m/fpv4-sp/hard\libc_nano.a(lib_a-vsprintf.o)
                              sp_drivers/src/sp_stm32_uart.o (vsprintf)
c:/st/stm32cubeide_1.1.0/stm32cubeide/plugins/com.st.stm32cube.ide.mcu.externaltools.gnu-tools-for-stm32.7-2018-q2-update.win32_1.0.0.201904181610/tools/bin/../lib/gcc/arm-none-eabi/7.3.1/../../../../arm-none-eabi/lib/thumb/v7e-m/fpv4-sp/hard\libc_nano.a(lib_a-nano-svfprintf.o)
                              c:/st/stm32cubeide_1.1.0/stm32cubeide/plugins/com.st.stm32cube.ide.mcu.externaltools.gnu-tools-for-stm32.7-2018-q2-update.win32_1.0.0.201904181610/tools/bin/../lib/gcc/arm-none-eabi/7.3.1/../../../../arm-none-eabi/lib/thumb/v7e-m/fpv4-sp/hard\libc_nano.a(lib_a-vsprintf.o) (_svfprintf_r)
c:/st/stm32cubeide_1.1.0/stm32cubeide/plugins/com.st.stm32cube.ide.mcu.externaltools.gnu-tools-for-stm32.7-2018-q2-update.win32_1.0.0.201904181610/tools/bin/../lib/gcc/arm-none-eabi/7.3.1/../../../../arm-none-eabi/lib/thumb/v7e-m/fpv4-sp/hard\libc_nano.a(lib_a-nano-vfprintf_i.o)
                              c:/st/stm32cubeide_1.1.0/stm32cubeide/plugins/com.st.stm32cube.ide.mcu.externaltools.gnu-tools-for-stm32.7-2018-q2-update.win32_1.0.0.201904181610/tools/bin/../lib/gcc/arm-none-eabi/7.3.1/../../../../arm-none-eabi/lib/thumb/v7e-m/fpv4-sp/hard\libc_nano.a(lib_a-nano-svfprintf.o) (_printf_i)
c:/st/stm32cubeide_1.1.0/stm32cubeide/plugins/com.st.stm32cube.ide.mcu.externaltools.gnu-tools-for-stm32.7-2018-q2-update.win32_1.0.0.201904181610/tools/bin/../lib/gcc/arm-none-eabi/7.3.1/../../../../arm-none-eabi/lib/thumb/v7e-m/fpv4-sp/hard\libc_nano.a(lib_a-memchr.o)
                              c:/st/stm32cubeide_1.1.0/stm32cubeide/plugins/com.st.stm32cube.ide.mcu.externaltools.gnu-tools-for-stm32.7-2018-q2-update.win32_1.0.0.201904181610/tools/bin/../lib/gcc/arm-none-eabi/7.3.1/../../../../arm-none-eabi/lib/thumb/v7e-m/fpv4-sp/hard\libc_nano.a(lib_a-nano-svfprintf.o) (memchr)
[...]
Memory Configuration

Name             Origin             Length             Attributes
RAM              0x0000000020000000 0x0000000000020000 xrw
FLASH            0x0000000008008000 0x0000000000080000 xr
*default*        0x0000000000000000 0xffffffffffffffff

Linker script and memory map

LOAD c:/st/stm32cubeide_1.1.0/stm32cubeide/plugins/com.st.stm32cube.ide.mcu.externaltools.gnu-tools-for-stm32.7-2018-q2-update.win32_1.0.0.201904181610/tools/bin/../lib/gcc/arm-none-eabi/7.3.1/thumb/v7e-m/fpv4-sp/hard/crti.o
LOAD c:/st/stm32cubeide_1.1.0/stm32cubeide/plugins/com.st.stm32cube.ide.mcu.externaltools.gnu-tools-for-stm32.7-2018-q2-update.win32_1.0.0.201904181610/tools/bin/../lib/gcc/arm-none-eabi/7.3.1/thumb/v7e-m/fpv4-sp/hard/crtbegin.o
LOAD c:/st/stm32cubeide_1.1.0/stm32cubeide/plugins/com.st.stm32cube.ide.mcu.externaltools.gnu-tools-for-stm32.7-2018-q2-update.win32_1.0.0.201904181610/tools/bin/../lib/gcc/arm-none-eabi/7.3.1/../../../../arm-none-eabi/lib/thumb/v7e-m/fpv4-sp/hard/crt0.o
LOAD Core/Src/main.o
LOAD Core/Src/stm32f4xx_hal_msp.o
LOAD Core/Src/stm32f4xx_it.o
LOAD Core/Src/syscalls.o
LOAD Core/Src/sysmem.o
LOAD Core/Src/system_stm32f4xx.o
LOAD Core/Startup/startup_stm32f446retx.o
LOAD Drivers/STM32F4xx_HAL_Driver/Src/stm32f4xx_hal.o
LOAD Drivers/STM32F4xx_HAL_Driver/Src/stm32f4xx_hal_cortex.o
LOAD Drivers/STM32F4xx_HAL_Driver/Src/stm32f4xx_hal_dma.o
LOAD Drivers/STM32F4xx_HAL_Driver/Src/stm32f4xx_hal_dma_ex.o
LOAD Drivers/STM32F4xx_HAL_Driver/Src/stm32f4xx_hal_exti.o
LOAD Drivers/STM32F4xx_HAL_Driver/Src/stm32f4xx_hal_flash.o
LOAD Drivers/STM32F4xx_HAL_Driver/Src/stm32f4xx_hal_flash_ex.o
LOAD Drivers/STM32F4xx_HAL_Driver/Src/stm32f4xx_hal_flash_ramfunc.o
LOAD Drivers/STM32F4xx_HAL_Driver/Src/stm32f4xx_hal_gpio.o
LOAD Drivers/STM32F4xx_HAL_Driver/Src/stm32f4xx_hal_pwr.o
LOAD Drivers/STM32F4xx_HAL_Driver/Src/stm32f4xx_hal_pwr_ex.o
LOAD Drivers/STM32F4xx_HAL_Driver/Src/stm32f4xx_hal_rcc.o
LOAD Drivers/STM32F4xx_HAL_Driver/Src/stm32f4xx_hal_rcc_ex.o
LOAD Drivers/STM32F4xx_HAL_Driver/Src/stm32f4xx_hal_tim.o
LOAD Drivers/STM32F4xx_HAL_Driver/Src/stm32f4xx_hal_tim_ex.o
LOAD sp_drivers/src/sp_stm32_adc.o
LOAD sp_drivers/src/sp_stm32_clock.o
LOAD sp_drivers/src/sp_stm32_flash.o
LOAD sp_drivers/src/sp_stm32_gpio.o
LOAD sp_drivers/src/sp_stm32_spi.o
LOAD sp_drivers/src/sp_stm32_timer.o
LOAD sp_drivers/src/sp_stm32_uart.o
START GROUP
LOAD c:/st/stm32cubeide_1.1.0/stm32cubeide/plugins/com.st.stm32cube.ide.mcu.externaltools.gnu-tools-for-stm32.7-2018-q2-update.win32_1.0.0.201904181610/tools/bin/../lib/gcc/arm-none-eabi/7.3.1/../../../../arm-none-eabi/lib/thumb/v7e-m/fpv4-sp/hard\libc_nano.a
LOAD c:/st/stm32cubeide_1.1.0/stm32cubeide/plugins/com.st.stm32cube.ide.mcu.externaltools.gnu-tools-for-stm32.7-2018-q2-update.win32_1.0.0.201904181610/tools/bin/../lib/gcc/arm-none-eabi/7.3.1/../../../../arm-none-eabi/lib/thumb/v7e-m/fpv4-sp/hard\libm.a
END GROUP
START GROUP
LOAD c:/st/stm32cubeide_1.1.0/stm32cubeide/plugins/com.st.stm32cube.ide.mcu.externaltools.gnu-tools-for-stm32.7-2018-q2-update.win32_1.0.0.201904181610/tools/bin/../lib/gcc/arm-none-eabi/7.3.1/thumb/v7e-m/fpv4-sp/hard\libgcc.a
LOAD c:/st/stm32cubeide_1.1.0/stm32cubeide/plugins/com.st.stm32cube.ide.mcu.externaltools.gnu-tools-for-stm32.7-2018-q2-update.win32_1.0.0.201904181610/tools/bin/../lib/gcc/arm-none-eabi/7.3.1/../../../../arm-none-eabi/lib/thumb/v7e-m/fpv4-sp/hard\libc_nano.a
END GROUP
START GROUP
LOAD c:/st/stm32cubeide_1.1.0/stm32cubeide/plugins/com.st.stm32cube.ide.mcu.externaltools.gnu-tools-for-stm32.7-2018-q2-update.win32_1.0.0.201904181610/tools/bin/../lib/gcc/arm-none-eabi/7.3.1/thumb/v7e-m/fpv4-sp/hard\libgcc.a
LOAD c:/st/stm32cubeide_1.1.0/stm32cubeide/plugins/com.st.stm32cube.ide.mcu.externaltools.gnu-tools-for-stm32.7-2018-q2-update.win32_1.0.0.201904181610/tools/bin/../lib/gcc/arm-none-eabi/7.3.1/../../../../arm-none-eabi/lib/thumb/v7e-m/fpv4-sp/hard\libc_nano.a
LOAD c:/st/stm32cubeide_1.1.0/stm32cubeide/plugins/com.st.stm32cube.ide.mcu.externaltools.gnu-tools-for-stm32.7-2018-q2-update.win32_1.0.0.201904181610/tools/bin/../lib/gcc/arm-none-eabi/7.3.1/../../../../arm-none-eabi/lib/thumb/v7e-m/fpv4-sp/hard\libnosys.a
END GROUP
START GROUP
LOAD c:/st/stm32cubeide_1.1.0/stm32cubeide/plugins/com.st.stm32cube.ide.mcu.externaltools.gnu-tools-for-stm32.7-2018-q2-update.win32_1.0.0.201904181610/tools/bin/../lib/gcc/arm-none-eabi/7.3.1/thumb/v7e-m/fpv4-sp/hard\libgcc.a
LOAD c:/st/stm32cubeide_1.1.0/stm32cubeide/plugins/com.st.stm32cube.ide.mcu.externaltools.gnu-tools-for-stm32.7-2018-q2-update.win32_1.0.0.201904181610/tools/bin/../lib/gcc/arm-none-eabi/7.3.1/../../../../arm-none-eabi/lib/thumb/v7e-m/fpv4-sp/hard\libc_nano.a
LOAD c:/st/stm32cubeide_1.1.0/stm32cubeide/plugins/com.st.stm32cube.ide.mcu.externaltools.gnu-tools-for-stm32.7-2018-q2-update.win32_1.0.0.201904181610/tools/bin/../lib/gcc/arm-none-eabi/7.3.1/../../../../arm-none-eabi/lib/thumb/v7e-m/fpv4-sp/hard\libnosys.a
END GROUP
LOAD c:/st/stm32cubeide_1.1.0/stm32cubeide/plugins/com.st.stm32cube.ide.mcu.externaltools.gnu-tools-for-stm32.7-2018-q2-update.win32_1.0.0.201904181610/tools/bin/../lib/gcc/arm-none-eabi/7.3.1/thumb/v7e-m/fpv4-sp/hard/crtend.o
LOAD c:/st/stm32cubeide_1.1.0/stm32cubeide/plugins/com.st.stm32cube.ide.mcu.externaltools.gnu-tools-for-stm32.7-2018-q2-update.win32_1.0.0.201904181610/tools/bin/../lib/gcc/arm-none-eabi/7.3.1/thumb/v7e-m/fpv4-sp/hard/crtn.o
                0x0000000020020000                _estack = (ORIGIN (RAM) + LENGTH (RAM))
                0x0000000000000200                _Min_Heap_Size = 0x200
                0x0000000000000400                _Min_Stack_Size = 0x400

.isr_vector     0x0000000008008000      0x1c4
                0x0000000008008000                . = ALIGN (0x4)
 *(.isr_vector)
 .isr_vector    0x0000000008008000      0x1c4 Core/Startup/startup_stm32f446retx.o
                0x0000000008008000                g_pfnVectors
                0x00000000080081c4                . = ALIGN (0x4)

.text           0x00000000080081c4      0x2f0
                0x00000000080081c4                . = ALIGN (0x4)
 *(.text)
 .text          0x00000000080081c4       0x40 c:/st/stm32cubeide_1.1.0/stm32cubeide/plugins/com.st.stm32cube.ide.mcu.externaltools.gnu-tools-for-stm32.7-2018-q2-update.win32_1.0.0.201904181610/tools/bin/../lib/gcc/arm-none-eabi/7.3.1/thumb/v7e-m/fpv4-sp/hard/crtbegin.o
 *(.text*)
 .text.gpioinit
                0x0000000008008204       0x30 Core/Src/main.o
                0x0000000008008204                gpioinit
 .text.main     0x0000000008008234       0x20 Core/Src/main.o
                0x0000000008008234                main
 .text.delay1   0x0000000008008254       0x50 Core/Src/main.o
                0x0000000008008254                delay1
 .text.NMI_Handler
                0x00000000080082a4        0xe Core/Src/stm32f4xx_it.o
                0x00000000080082a4                NMI_Handler
 .text.HardFault_Handler
                0x00000000080082b2        0x6 Core/Src/stm32f4xx_it.o
                0x00000000080082b2                HardFault_Handler
 .text.MemManage_Handler
                0x00000000080082b8        0x6 Core/Src/stm32f4xx_it.o
                0x00000000080082b8                MemManage_Handler
 .text.BusFault_Handler
                0x00000000080082be        0x6 Core/Src/stm32f4xx_it.o
                0x00000000080082be                BusFault_Handler
 .text.UsageFault_Handler
                0x00000000080082c4        0x6 Core/Src/stm32f4xx_it.o
                0x00000000080082c4                UsageFault_Handler
 .text.SVC_Handler
                0x00000000080082ca        0xe Core/Src/stm32f4xx_it.o
                0x00000000080082ca                SVC_Handler
 .text.DebugMon_Handler
                0x00000000080082d8        0xe Core/Src/stm32f4xx_it.o
                0x00000000080082d8                DebugMon_Handler
 .text.PendSV_Handler
                0x00000000080082e6        0xe Core/Src/stm32f4xx_it.o
                0x00000000080082e6                PendSV_Handler
 .text.SysTick_Handler
                0x00000000080082f4        0xc Core/Src/stm32f4xx_it.o
                0x00000000080082f4                SysTick_Handler
 .text.SystemInit
                0x0000000008008300       0x2c Core/Src/system_stm32f4xx.o
                0x0000000008008300                SystemInit
 .text.Reset_Handler
                0x000000000800832c       0x50 Core/Startup/startup_stm32f446retx.o
                0x000000000800832c                Reset_Handler
 .text.Default_Handler
                0x000000000800837c        0x2 Core/Startup/startup_stm32f446retx.o
                0x000000000800837c                RTC_Alarm_IRQHandler
                0x000000000800837c                EXTI2_IRQHandler
                0x000000000800837c                TIM8_CC_IRQHandler
                0x000000000800837c                FMPI2C1_EV_IRQHandler
                0x000000000800837c                SPI4_IRQHandler
                0x000000000800837c                TIM1_CC_IRQHandler
                0x000000000800837c                DMA2_Stream5_IRQHandler
                0x000000000800837c                DMA1_Stream5_IRQHandler
                0x000000000800837c                PVD_IRQHandler
                0x000000000800837c                SDIO_IRQHandler
                0x000000000800837c                TAMP_STAMP_IRQHandler
                0x000000000800837c                CAN2_RX1_IRQHandler
                0x000000000800837c                EXTI3_IRQHandler
                0x000000000800837c                TIM8_TRG_COM_TIM14_IRQHandler
                0x000000000800837c                TIM1_UP_TIM10_IRQHandler
                0x000000000800837c                TIM8_UP_TIM13_IRQHandler
                0x000000000800837c                I2C3_ER_IRQHandler
                0x000000000800837c                EXTI0_IRQHandler
                0x000000000800837c                I2C2_EV_IRQHandler
                0x000000000800837c                DMA1_Stream2_IRQHandler
                0x000000000800837c                CAN1_RX0_IRQHandler
                0x000000000800837c                FPU_IRQHandler
                0x000000000800837c                OTG_HS_WKUP_IRQHandler
                0x000000000800837c                CAN2_SCE_IRQHandler
                0x000000000800837c                DMA2_Stream2_IRQHandler
                0x000000000800837c                SPI1_IRQHandler
                0x000000000800837c                TIM6_DAC_IRQHandler
                0x000000000800837c                TIM1_BRK_TIM9_IRQHandler
                0x000000000800837c                DCMI_IRQHandler
                0x000000000800837c                CAN2_RX0_IRQHandler
                0x000000000800837c                DMA2_Stream3_IRQHandler
                0x000000000800837c                SAI2_IRQHandler
                0x000000000800837c                USART6_IRQHandler
                0x000000000800837c                USART3_IRQHandler
                0x000000000800837c                CAN1_RX1_IRQHandler
                0x000000000800837c                UART5_IRQHandler
                0x000000000800837c                DMA2_Stream0_IRQHandler
                0x000000000800837c                TIM4_IRQHandler
                0x000000000800837c                QUADSPI_IRQHandler
                0x000000000800837c                I2C1_EV_IRQHandler
                0x000000000800837c                DMA1_Stream6_IRQHandler
                0x000000000800837c                DMA1_Stream1_IRQHandler
                0x000000000800837c                UART4_IRQHandler
                0x000000000800837c                TIM3_IRQHandler
                0x000000000800837c                RCC_IRQHandler
                0x000000000800837c                TIM8_BRK_TIM12_IRQHandler
                0x000000000800837c                Default_Handler
                0x000000000800837c                CEC_IRQHandler
                0x000000000800837c                EXTI15_10_IRQHandler
                0x000000000800837c                ADC_IRQHandler
                0x000000000800837c                DMA1_Stream7_IRQHandler
                0x000000000800837c                TIM7_IRQHandler
                0x000000000800837c                CAN2_TX_IRQHandler
                0x000000000800837c                TIM5_IRQHandler
                0x000000000800837c                DMA2_Stream7_IRQHandler
                0x000000000800837c                I2C3_EV_IRQHandler
                0x000000000800837c                EXTI9_5_IRQHandler
                0x000000000800837c                RTC_WKUP_IRQHandler
                0x000000000800837c                SPDIF_RX_IRQHandler
                0x000000000800837c                SPI2_IRQHandler
                0x000000000800837c                OTG_HS_EP1_IN_IRQHandler
                0x000000000800837c                DMA1_Stream0_IRQHandler
                0x000000000800837c                CAN1_TX_IRQHandler
                0x000000000800837c                FMPI2C1_ER_IRQHandler
                0x000000000800837c                EXTI4_IRQHandler
                0x000000000800837c                OTG_HS_EP1_OUT_IRQHandler
                0x000000000800837c                WWDG_IRQHandler
                0x000000000800837c                TIM2_IRQHandler
                0x000000000800837c                OTG_FS_WKUP_IRQHandler
                0x000000000800837c                TIM1_TRG_COM_TIM11_IRQHandler
                0x000000000800837c                OTG_HS_IRQHandler
                0x000000000800837c                EXTI1_IRQHandler
                0x000000000800837c                USART2_IRQHandler
                0x000000000800837c                I2C2_ER_IRQHandler
                0x000000000800837c                DMA2_Stream1_IRQHandler
                0x000000000800837c                CAN1_SCE_IRQHandler
                0x000000000800837c                FLASH_IRQHandler
                0x000000000800837c                DMA2_Stream4_IRQHandler
                0x000000000800837c                USART1_IRQHandler
                0x000000000800837c                OTG_FS_IRQHandler
                0x000000000800837c                SPI3_IRQHandler
                0x000000000800837c                DMA1_Stream4_IRQHandler
                0x000000000800837c                I2C1_ER_IRQHandler
                0x000000000800837c                FMC_IRQHandler
                0x000000000800837c                DMA2_Stream6_IRQHandler
                0x000000000800837c                SAI1_IRQHandler
                0x000000000800837c                DMA1_Stream3_IRQHandler
 *fill*         0x000000000800837e        0x2 
 .text.HAL_IncTick
                0x0000000008008380       0x28 Drivers/STM32F4xx_HAL_Driver/Src/stm32f4xx_hal.o
                0x0000000008008380                HAL_IncTick
 .text.GPIO_Config
                0x00000000080083a8       0x84 sp_drivers/src/sp_stm32_gpio.o
                0x00000000080083a8                GPIO_Config
 .text.GPIO_Toggle
                0x000000000800842c       0x28 sp_drivers/src/sp_stm32_gpio.o
                0x000000000800842c                GPIO_Toggle
 .text.__libc_init_array
                0x0000000008008454       0x48 c:/st/stm32cubeide_1.1.0/stm32cubeide/plugins/com.st.stm32cube.ide.mcu.externaltools.gnu-tools-for-stm32.7-2018-q2-update.win32_1.0.0.201904181610/tools/bin/../lib/gcc/arm-none-eabi/7.3.1/../../../../arm-none-eabi/lib/thumb/v7e-m/fpv4-sp/hard\libc_nano.a(lib_a-init.o)
                0x0000000008008454                __libc_init_array
 *(.glue_7)
 .glue_7        0x000000000800849c        0x0 linker stubs
 *(.glue_7t)
 .glue_7t       0x000000000800849c        0x0 linker stubs
 *(.eh_frame)
 .eh_frame      0x000000000800849c        0x0 c:/st/stm32cubeide_1.1.0/stm32cubeide/plugins/com.st.stm32cube.ide.mcu.externaltools.gnu-tools-for-stm32.7-2018-q2-update.win32_1.0.0.201904181610/tools/bin/../lib/gcc/arm-none-eabi/7.3.1/thumb/v7e-m/fpv4-sp/hard/crtbegin.o
 *(.init)
 .init          0x000000000800849c        0x4 c:/st/stm32cubeide_1.1.0/stm32cubeide/plugins/com.st.stm32cube.ide.mcu.externaltools.gnu-tools-for-stm32.7-2018-q2-update.win32_1.0.0.201904181610/tools/bin/../lib/gcc/arm-none-eabi/7.3.1/thumb/v7e-m/fpv4-sp/hard/crti.o
                0x000000000800849c                _init
 .init          0x00000000080084a0        0x8 c:/st/stm32cubeide_1.1.0/stm32cubeide/plugins/com.st.stm32cube.ide.mcu.externaltools.gnu-tools-for-stm32.7-2018-q2-update.win32_1.0.0.201904181610/tools/bin/../lib/gcc/arm-none-eabi/7.3.1/thumb/v7e-m/fpv4-sp/hard/crtn.o
 *(.fini)
 .fini          0x00000000080084a8        0x4 c:/st/stm32cubeide_1.1.0/stm32cubeide/plugins/com.st.stm32cube.ide.mcu.externaltools.gnu-tools-for-stm32.7-2018-q2-update.win32_1.0.0.201904181610/tools/bin/../lib/gcc/arm-none-eabi/7.3.1/thumb/v7e-m/fpv4-sp/hard/crti.o
                0x00000000080084a8                _fini
 .fini          0x00000000080084ac        0x8 c:/st/stm32cubeide_1.1.0/stm32cubeide/plugins/com.st.stm32cube.ide.mcu.externaltools.gnu-tools-for-stm32.7-2018-q2-update.win32_1.0.0.201904181610/tools/bin/../lib/gcc/arm-none-eabi/7.3.1/thumb/v7e-m/fpv4-sp/hard/crtn.o
                0x00000000080084b4                . = ALIGN (0x4)
                0x00000000080084b4                _etext = .

.vfp11_veneer   0x00000000080084b4        0x0
 .vfp11_veneer  0x00000000080084b4        0x0 linker stubs

.v4_bx          0x00000000080084b4        0x0
 .v4_bx         0x00000000080084b4        0x0 linker stubs

.iplt           0x00000000080084b4        0x0
 .iplt          0x00000000080084b4        0x0 c:/st/stm32cubeide_1.1.0/stm32cubeide/plugins/com.st.stm32cube.ide.mcu.externaltools.gnu-tools-for-stm32.7-2018-q2-update.win32_1.0.0.201904181610/tools/bin/../lib/gcc/arm-none-eabi/7.3.1/thumb/v7e-m/fpv4-sp/hard/crtbegin.o

.rel.dyn        0x00000000080084b4        0x0
 .rel.iplt      0x00000000080084b4        0x0 c:/st/stm32cubeide_1.1.0/stm32cubeide/plugins/com.st.stm32cube.ide.mcu.externaltools.gnu-tools-for-stm32.7-2018-q2-update.win32_1.0.0.201904181610/tools/bin/../lib/gcc/arm-none-eabi/7.3.1/thumb/v7e-m/fpv4-sp/hard/crtbegin.o

.rodata         0x00000000080084b4        0x0
                0x00000000080084b4                . = ALIGN (0x4)
 *(.rodata)
 *(.rodata*)
                0x00000000080084b4                . = ALIGN (0x4)

.ARM.extab      0x00000000080084b4        0x0
                0x00000000080084b4                . = ALIGN (0x4)
 *(.ARM.extab* .gnu.linkonce.armextab.*)
                0x00000000080084b4                . = ALIGN (0x4)

.ARM            0x00000000080084b4        0x0
                0x00000000080084b4                . = ALIGN (0x4)
                0x00000000080084b4                __exidx_start = .
 *(.ARM.exidx*)
                0x00000000080084b4                __exidx_end = .
                0x00000000080084b4                . = ALIGN (0x4)

.preinit_array  0x00000000080084b4        0x0
                0x00000000080084b4                . = ALIGN (0x4)
                0x00000000080084b4                PROVIDE (__preinit_array_start = .)
 *(.preinit_array*)
                0x00000000080084b4                PROVIDE (__preinit_array_end = .)
                0x00000000080084b4                . = ALIGN (0x4)

.init_array     0x00000000080084b4        0x4
                0x00000000080084b4                . = ALIGN (0x4)
                0x00000000080084b4                PROVIDE (__init_array_start = .)
 *(SORT_BY_NAME(.init_array.*))
 *(.init_array*)
 .init_array    0x00000000080084b4        0x4 c:/st/stm32cubeide_1.1.0/stm32cubeide/plugins/com.st.stm32cube.ide.mcu.externaltools.gnu-tools-for-stm32.7-2018-q2-update.win32_1.0.0.201904181610/tools/bin/../lib/gcc/arm-none-eabi/7.3.1/thumb/v7e-m/fpv4-sp/hard/crtbegin.o
                0x00000000080084b8                PROVIDE (__init_array_end = .)
                0x00000000080084b8                . = ALIGN (0x4)

.fini_array     0x00000000080084b8        0x4
                0x00000000080084b8                . = ALIGN (0x4)
                [!provide]                        PROVIDE (__fini_array_start = .)
 *(SORT_BY_NAME(.fini_array.*))
 *(.fini_array*)
 .fini_array    0x00000000080084b8        0x4 c:/st/stm32cubeide_1.1.0/stm32cubeide/plugins/com.st.stm32cube.ide.mcu.externaltools.gnu-tools-for-stm32.7-2018-q2-update.win32_1.0.0.201904181610/tools/bin/../lib/gcc/arm-none-eabi/7.3.1/thumb/v7e-m/fpv4-sp/hard/crtbegin.o
                [!provide]                        PROVIDE (__fini_array_end = .)
                0x00000000080084bc                . = ALIGN (0x4)
                0x00000000080084bc                _sidata = LOADADDR (.data)

.data           0x0000000020000000        0x4 load address 0x00000000080084bc
                0x0000000020000000                . = ALIGN (0x4)
                0x0000000020000000                _sdata = .
 *(.data)
 *(.data*)
 .data.uwTickFreq
                0x0000000020000000        0x1 Drivers/STM32F4xx_HAL_Driver/Src/stm32f4xx_hal.o
                0x0000000020000000                uwTickFreq
                0x0000000020000004                . = ALIGN (0x4)
 *fill*         0x0000000020000001        0x3 
                0x0000000020000004                _edata = .

.igot.plt       0x0000000020000004        0x0 load address 0x00000000080084c0
 .igot.plt      0x0000000020000004        0x0 c:/st/stm32cubeide_1.1.0/stm32cubeide/plugins/com.st.stm32cube.ide.mcu.externaltools.gnu-tools-for-stm32.7-2018-q2-update.win32_1.0.0.201904181610/tools/bin/../lib/gcc/arm-none-eabi/7.3.1/thumb/v7e-m/fpv4-sp/hard/crtbegin.o
                0x0000000020000004                . = ALIGN (0x4)

.bss            0x0000000020000004       0x28 load address 0x00000000080084c0
                0x0000000020000004                _sbss = .
                0x0000000020000004                __bss_start__ = _sbss
 *(.bss)
 .bss           0x0000000020000004       0x1c c:/st/stm32cubeide_1.1.0/stm32cubeide/plugins/com.st.stm32cube.ide.mcu.externaltools.gnu-tools-for-stm32.7-2018-q2-update.win32_1.0.0.201904181610/tools/bin/../lib/gcc/arm-none-eabi/7.3.1/thumb/v7e-m/fpv4-sp/hard/crtbegin.o
 *(.bss*)
 .bss.i.8798    0x0000000020000020        0x4 Core/Src/main.o
 .bss.j.8799    0x0000000020000024        0x4 Core/Src/main.o
 *(COMMON)
 COMMON         0x0000000020000028        0x4 Drivers/STM32F4xx_HAL_Driver/Src/stm32f4xx_hal.o
                0x0000000020000028                uwTick
                0x000000002000002c                . = ALIGN (0x4)
                0x000000002000002c                _ebss = .
                0x000000002000002c                __bss_end__ = _ebss

._user_heap_stack
                0x000000002000002c      0x604 load address 0x00000000080084c0
                0x0000000020000030                . = ALIGN (0x8)
 *fill*         0x000000002000002c        0x4 
                0x0000000020000030                PROVIDE (end = .)
                [!provide]                        PROVIDE (_end = .)
                0x0000000020000230                . = (. + _Min_Heap_Size)
 *fill*         0x0000000020000030      0x200 
                0x0000000020000630                . = (. + _Min_Stack_Size)
 *fill*         0x0000000020000230      0x400 
                0x0000000020000630                . = ALIGN (0x8)

/DISCARD/
 libc.a(*)
 libm.a(*)
 libgcc.a(*)

.ARM.attributes
                0x0000000000000000       0x30
 *(.ARM.attributes)
 .ARM.attributes
                0x0000000000000000       0x22 c:/st/stm32cubeide_1.1.0/stm32cubeide/plugins/com.st.stm32cube.ide.mcu.externaltools.gnu-tools-for-stm32.7-2018-q2-update.win32_1.0.0.201904181610/tools/bin/../lib/gcc/arm-none-eabi/7.3.1/thumb/v7e-m/fpv4-sp/hard/crti.o
 .ARM.attributes
                0x0000000000000022       0x34 c:/st/stm32cubeide_1.1.0/stm32cubeide/plugins/com.st.stm32cube.ide.mcu.externaltools.gnu-tools-for-stm32.7-2018-q2-update.win32_1.0.0.201904181610/tools/bin/../lib/gcc/arm-none-eabi/7.3.1/thumb/v7e-m/fpv4-sp/hard/crtbegin.o
 .ARM.attributes
                0x0000000000000056       0x39 Core/Src/main.o
 .ARM.attributes
                0x000000000000008f       0x39 Core/Src/stm32f4xx_it.o
 .ARM.attributes
                0x00000000000000c8       0x39 Core/Src/system_stm32f4xx.o
 .ARM.attributes
                0x0000000000000101       0x21 Core/Startup/startup_stm32f446retx.o
 .ARM.attributes
                0x0000000000000122       0x39 Drivers/STM32F4xx_HAL_Driver/Src/stm32f4xx_hal.o
 .ARM.attributes
                0x000000000000015b       0x39 sp_drivers/src/sp_stm32_gpio.o
 .ARM.attributes
                0x0000000000000194       0x34 c:/st/stm32cubeide_1.1.0/stm32cubeide/plugins/com.st.stm32cube.ide.mcu.externaltools.gnu-tools-for-stm32.7-2018-q2-update.win32_1.0.0.201904181610/tools/bin/../lib/gcc/arm-none-eabi/7.3.1/../../../../arm-none-eabi/lib/thumb/v7e-m/fpv4-sp/hard\libc_nano.a(lib_a-init.o)
 .ARM.attributes
                0x00000000000001c8       0x22 c:/st/stm32cubeide_1.1.0/stm32cubeide/plugins/com.st.stm32cube.ide.mcu.externaltools.gnu-tools-for-stm32.7-2018-q2-update.win32_1.0.0.201904181610/tools/bin/../lib/gcc/arm-none-eabi/7.3.1/thumb/v7e-m/fpv4-sp/hard/crtn.o
OUTPUT(User_Application.elf elf32-littlearm)

.debug_info     0x0000000000000000     0x3316
 .debug_info    0x0000000000000000      0xda0 Core/Src/main.o
 .debug_info    0x0000000000000da0      0xa1c Core/Src/stm32f4xx_it.o
 .debug_info    0x00000000000017bc      0x588 Core/Src/system_stm32f4xx.o
 .debug_info    0x0000000000001d44       0x22 Core/Startup/startup_stm32f446retx.o
 .debug_info    0x0000000000001d66      0x997 Drivers/STM32F4xx_HAL_Driver/Src/stm32f4xx_hal.o
 .debug_info    0x00000000000026fd      0xc19 sp_drivers/src/sp_stm32_gpio.o

.debug_abbrev   0x0000000000000000      0x8b2
 .debug_abbrev  0x0000000000000000      0x211 Core/Src/main.o
 .debug_abbrev  0x0000000000000211      0x1ad Core/Src/stm32f4xx_it.o
 .debug_abbrev  0x00000000000003be      0x12b Core/Src/system_stm32f4xx.o
 .debug_abbrev  0x00000000000004e9       0x12 Core/Startup/startup_stm32f446retx.o
 .debug_abbrev  0x00000000000004fb      0x1c7 Drivers/STM32F4xx_HAL_Driver/Src/stm32f4xx_hal.o
 .debug_abbrev  0x00000000000006c2      0x1f0 sp_drivers/src/sp_stm32_gpio.o

.debug_aranges  0x0000000000000000      0x210
 .debug_aranges
                0x0000000000000000       0x30 Core/Src/main.o
 .debug_aranges
                0x0000000000000030       0x60 Core/Src/stm32f4xx_it.o
 .debug_aranges
                0x0000000000000090       0x28 Core/Src/system_stm32f4xx.o
 .debug_aranges
                0x00000000000000b8       0x28 Core/Startup/startup_stm32f446retx.o
 .debug_aranges
                0x00000000000000e0       0xf0 Drivers/STM32F4xx_HAL_Driver/Src/stm32f4xx_hal.o
 .debug_aranges
                0x00000000000001d0       0x40 sp_drivers/src/sp_stm32_gpio.o

.debug_ranges   0x0000000000000000      0x1b8
 .debug_ranges  0x0000000000000000       0x20 Core/Src/main.o
 .debug_ranges  0x0000000000000020       0x50 Core/Src/stm32f4xx_it.o
 .debug_ranges  0x0000000000000070       0x18 Core/Src/system_stm32f4xx.o
 .debug_ranges  0x0000000000000088       0x20 Core/Startup/startup_stm32f446retx.o
 .debug_ranges  0x00000000000000a8       0xe0 Drivers/STM32F4xx_HAL_Driver/Src/stm32f4xx_hal.o
 .debug_ranges  0x0000000000000188       0x30 sp_drivers/src/sp_stm32_gpio.o

.debug_macro    0x0000000000000000    0x2051e
 .debug_macro   0x0000000000000000      0x37e Core/Src/main.o
 .debug_macro   0x000000000000037e      0xa5a Core/Src/main.o
 .debug_macro   0x0000000000000dd8      0x17e Core/Src/main.o
 .debug_macro   0x0000000000000f56       0x32 Core/Src/main.o
 .debug_macro   0x0000000000000f88       0x28 Core/Src/main.o
 .debug_macro   0x0000000000000fb0       0x22 Core/Src/main.o
 .debug_macro   0x0000000000000fd2       0x8e Core/Src/main.o
 .debug_macro   0x0000000000001060       0x51 Core/Src/main.o
 .debug_macro   0x00000000000010b1       0xef Core/Src/main.o
 .debug_macro   0x00000000000011a0       0x6a Core/Src/main.o
 .debug_macro   0x000000000000120a      0x1df Core/Src/main.o
 .debug_macro   0x00000000000013e9       0x1c Core/Src/main.o
 .debug_macro   0x0000000000001405       0x22 Core/Src/main.o
 .debug_macro   0x0000000000001427       0xdf Core/Src/main.o
 .debug_macro   0x0000000000001506     0x102d Core/Src/main.o
 .debug_macro   0x0000000000002533      0x11f Core/Src/main.o
 .debug_macro   0x0000000000002652    0x1672d Core/Src/main.o
 .debug_macro   0x0000000000018d7f       0x43 Core/Src/main.o
 .debug_macro   0x0000000000018dc2     0x3652 Core/Src/main.o
 .debug_macro   0x000000000001c414      0x174 Core/Src/main.o
 .debug_macro   0x000000000001c588       0x5a Core/Src/main.o
 .debug_macro   0x000000000001c5e2      0xc90 Core/Src/main.o
 .debug_macro   0x000000000001d272      0x9fe Core/Src/main.o
 .debug_macro   0x000000000001dc70      0x16d Core/Src/main.o
 .debug_macro   0x000000000001dddd      0x117 Core/Src/main.o
 .debug_macro   0x000000000001def4      0x1a0 Core/Src/main.o
 .debug_macro   0x000000000001e094       0x27 Core/Src/main.o
 .debug_macro   0x000000000001e0bb      0x287 Core/Src/main.o
 .debug_macro   0x000000000001e342       0x5f Core/Src/main.o
 .debug_macro   0x000000000001e3a1      0x236 Core/Src/main.o
 .debug_macro   0x000000000001e5d7      0x132 Core/Src/main.o
 .debug_macro   0x000000000001e709      0x29c Core/Src/main.o
 .debug_macro   0x000000000001e9a5       0x2e Core/Src/main.o
 .debug_macro   0x000000000001e9d3      0x11a Core/Src/main.o
 .debug_macro   0x000000000001eaed       0xe8 Core/Src/main.o
 .debug_macro   0x000000000001ebd5       0x89 Core/Src/main.o
 .debug_macro   0x000000000001ec5e      0x126 Core/Src/main.o
 .debug_macro   0x000000000001ed84       0x46 Core/Src/main.o
 .debug_macro   0x000000000001edca       0x18 Core/Src/main.o
 .debug_macro   0x000000000001ede2       0x3c Core/Src/main.o
 .debug_macro   0x000000000001ee1e       0x34 Core/Src/main.o
 .debug_macro   0x000000000001ee52       0x16 Core/Src/main.o
 .debug_macro   0x000000000001ee68       0x35 Core/Src/main.o
 .debug_macro   0x000000000001ee9d      0x32a Core/Src/main.o
 .debug_macro   0x000000000001f1c7       0x10 Core/Src/main.o
 .debug_macro   0x000000000001f1d7       0x52 Core/Src/main.o
 .debug_macro   0x000000000001f229       0x1f Core/Src/main.o
 .debug_macro   0x000000000001f248       0x43 Core/Src/main.o
 .debug_macro   0x000000000001f28b       0x20 Core/Src/main.o
 .debug_macro   0x000000000001f2ab      0x1a3 Core/Src/main.o
 .debug_macro   0x000000000001f44e       0x10 Core/Src/main.o
 .debug_macro   0x000000000001f45e       0x1c Core/Src/main.o
 .debug_macro   0x000000000001f47a       0x52 Core/Src/main.o
 .debug_macro   0x000000000001f4cc       0x40 Core/Src/main.o
 .debug_macro   0x000000000001f50c       0x10 Core/Src/main.o
 .debug_macro   0x000000000001f51c       0x40 Core/Src/main.o
 .debug_macro   0x000000000001f55c       0xd7 Core/Src/main.o
 .debug_macro   0x000000000001f633       0x1c Core/Src/main.o
 .debug_macro   0x000000000001f64f       0x3d Core/Src/main.o
 .debug_macro   0x000000000001f68c       0x16 Core/Src/main.o
 .debug_macro   0x000000000001f6a2      0x145 Core/Src/main.o
 .debug_macro   0x000000000001f7e7       0x88 Core/Src/main.o
 .debug_macro   0x000000000001f86f       0x7c Core/Src/main.o
 .debug_macro   0x000000000001f8eb       0x16 Core/Src/main.o
 .debug_macro   0x000000000001f901       0x4c Core/Src/main.o
 .debug_macro   0x000000000001f94d       0x16 Core/Src/main.o
 .debug_macro   0x000000000001f963       0x20 Core/Src/main.o
 .debug_macro   0x000000000001f983       0x6a Core/Src/main.o
 .debug_macro   0x000000000001f9ed       0x58 Core/Src/main.o
 .debug_macro   0x000000000001fa45      0x388 Core/Src/stm32f4xx_it.o
 .debug_macro   0x000000000001fdcd      0x1b6 Core/Src/system_stm32f4xx.o
 .debug_macro   0x000000000001ff83      0x210 Drivers/STM32F4xx_HAL_Driver/Src/stm32f4xx_hal.o
 .debug_macro   0x0000000000020193      0x315 sp_drivers/src/sp_stm32_gpio.o
 .debug_macro   0x00000000000204a8       0x76 sp_drivers/src/sp_stm32_gpio.o

.debug_line     0x0000000000000000     0x2bd3
 .debug_line    0x0000000000000000      0x969 Core/Src/main.o
 .debug_line    0x0000000000000969      0x9d3 Core/Src/stm32f4xx_it.o
 .debug_line    0x000000000000133c      0x693 Core/Src/system_stm32f4xx.o
 .debug_line    0x00000000000019cf       0x86 Core/Startup/startup_stm32f446retx.o
 .debug_line    0x0000000000001a55      0x87d Drivers/STM32F4xx_HAL_Driver/Src/stm32f4xx_hal.o
 .debug_line    0x00000000000022d2      0x901 sp_drivers/src/sp_stm32_gpio.o

.debug_str      0x0000000000000000    0xc4abf
 .debug_str     0x0000000000000000    0xc3d7f Core/Src/main.o
                                      0xc40a8 (size before relaxing)
 .debug_str     0x00000000000c3d7f       0xbd Core/Src/stm32f4xx_it.o
                                      0xc3e4c (size before relaxing)
 .debug_str     0x00000000000c3e3c       0xc6 Core/Src/system_stm32f4xx.o
                                      0xbf641 (size before relaxing)
 .debug_str     0x00000000000c3f02       0x36 Core/Startup/startup_stm32f446retx.o
                                         0x8f (size before relaxing)
 .debug_str     0x00000000000c3f38      0xac8 Drivers/STM32F4xx_HAL_Driver/Src/stm32f4xx_hal.o
                                      0xc014d (size before relaxing)
 .debug_str     0x00000000000c4a00       0xbf sp_drivers/src/sp_stm32_gpio.o
                                      0xc36f7 (size before relaxing)

.comment        0x0000000000000000       0x7b
 .comment       0x0000000000000000       0x7b Core/Src/main.o
                                         0x7c (size before relaxing)
 .comment       0x000000000000007b       0x7c Core/Src/stm32f4xx_it.o
 .comment       0x000000000000007b       0x7c Core/Src/system_stm32f4xx.o
 .comment       0x000000000000007b       0x7c Drivers/STM32F4xx_HAL_Driver/Src/stm32f4xx_hal.o
 .comment       0x000000000000007b       0x7c sp_drivers/src/sp_stm32_gpio.o

.debug_frame    0x0000000000000000      0x64c
 .debug_frame   0x0000000000000000       0x70 Core/Src/main.o
 .debug_frame   0x0000000000000070      0x10c Core/Src/stm32f4xx_it.o
 .debug_frame   0x000000000000017c       0x58 Core/Src/system_stm32f4xx.o
 .debug_frame   0x00000000000001d4      0x374 Drivers/STM32F4xx_HAL_Driver/Src/stm32f4xx_hal.o
 .debug_frame   0x0000000000000548       0xd8 sp_drivers/src/sp_stm32_gpio.o
 .debug_frame   0x0000000000000620       0x2c c:/st/stm32cubeide_1.1.0/stm32cubeide/plugins/com.st.stm32cube.ide.mcu.externaltools.gnu-tools-for-stm32.7-2018-q2-update.win32_1.0.0.201904181610/tools/bin/../lib/gcc/arm-none-eabi/7.3.1/../../../../arm-none-eabi/lib/thumb/v7e-m/fpv4-sp/hard\libc_nano.a(lib_a-init.o)
